Component: ARM Compiler 5.06 update 4 (build 422) Tool: armlink [4d35d2]

==============================================================================

Section Cross References

    system_stm32f10x.o(i.SetSysClock) refers to system_stm32f10x.o(i.SetSysClockTo72) for SetSysClockTo72
    system_stm32f10x.o(i.SystemCoreClockUpdate) refers to system_stm32f10x.o(.data) for SystemCoreClock
    system_stm32f10x.o(i.SystemInit) refers to system_stm32f10x.o(i.SetSysClock) for SetSysClock
    startup_stm32f10x_hd.o(STACK) refers (Special) to heapauxi.o(.text) for __use_two_region_memory
    startup_stm32f10x_hd.o(HEAP) refers (Special) to heapauxi.o(.text) for __use_two_region_memory
    startup_stm32f10x_hd.o(RESET) refers (Special) to heapauxi.o(.text) for __use_two_region_memory
    startup_stm32f10x_hd.o(RESET) refers to startup_stm32f10x_hd.o(STACK) for __initial_sp
    startup_stm32f10x_hd.o(RESET) refers to startup_stm32f10x_hd.o(.text) for Reset_Handler
    startup_stm32f10x_hd.o(RESET) refers to stm32f10x_it.o(i.NMI_Handler) for NMI_Handler
    startup_stm32f10x_hd.o(RESET) refers to stm32f10x_it.o(i.HardFault_Handler) for HardFault_Handler
    startup_stm32f10x_hd.o(RESET) refers to stm32f10x_it.o(i.MemManage_Handler) for MemManage_Handler
    startup_stm32f10x_hd.o(RESET) refers to stm32f10x_it.o(i.BusFault_Handler) for BusFault_Handler
    startup_stm32f10x_hd.o(RESET) refers to stm32f10x_it.o(i.UsageFault_Handler) for UsageFault_Handler
    startup_stm32f10x_hd.o(RESET) refers to port.o(.emb_text) for xPortSVCHandler
    startup_stm32f10x_hd.o(RESET) refers to stm32f10x_it.o(i.DebugMon_Handler) for DebugMon_Handler
    startup_stm32f10x_hd.o(RESET) refers to port.o(i.xPortSysTickHandler) for xPortSysTickHandler
    startup_stm32f10x_hd.o(RESET) refers to main.o(i.TIM2_IRQHandler) for TIM2_IRQHandler
    startup_stm32f10x_hd.o(.text) refers (Special) to heapauxi.o(.text) for __use_two_region_memory
    startup_stm32f10x_hd.o(.text) refers to system_stm32f10x.o(i.SystemInit) for SystemInit
    startup_stm32f10x_hd.o(.text) refers to __main.o(!!!main) for __main
    startup_stm32f10x_hd.o(.text) refers to startup_stm32f10x_hd.o(HEAP) for Heap_Mem
    startup_stm32f10x_hd.o(.text) refers to startup_stm32f10x_hd.o(STACK) for Stack_Mem
    stm32f10x_adc.o(i.ADC_DeInit) refers to stm32f10x_rcc.o(i.RCC_APB2PeriphResetCmd) for RCC_APB2PeriphResetCmd
    stm32f10x_bkp.o(i.BKP_DeInit) refers to stm32f10x_rcc.o(i.RCC_BackupResetCmd) for RCC_BackupResetCmd
    stm32f10x_can.o(i.CAN_DeInit) refers to stm32f10x_rcc.o(i.RCC_APB1PeriphResetCmd) for RCC_APB1PeriphResetCmd
    stm32f10x_can.o(i.CAN_GetITStatus) refers to stm32f10x_can.o(i.CheckITStatus) for CheckITStatus
    stm32f10x_cec.o(i.CEC_DeInit) refers to stm32f10x_rcc.o(i.RCC_APB1PeriphResetCmd) for RCC_APB1PeriphResetCmd
    stm32f10x_dac.o(i.DAC_DeInit) refers to stm32f10x_rcc.o(i.RCC_APB1PeriphResetCmd) for RCC_APB1PeriphResetCmd
    stm32f10x_flash.o(i.FLASH_EnableWriteProtection) refers to stm32f10x_flash.o(i.FLASH_WaitForLastOperation) for FLASH_WaitForLastOperation
    stm32f10x_flash.o(i.FLASH_EraseAllBank1Pages) refers to stm32f10x_flash.o(i.FLASH_WaitForLastBank1Operation) for FLASH_WaitForLastBank1Operation
    stm32f10x_flash.o(i.FLASH_EraseAllPages) refers to stm32f10x_flash.o(i.FLASH_WaitForLastOperation) for FLASH_WaitForLastOperation
    stm32f10x_flash.o(i.FLASH_EraseOptionBytes) refers to stm32f10x_flash.o(i.FLASH_GetReadOutProtectionStatus) for FLASH_GetReadOutProtectionStatus
    stm32f10x_flash.o(i.FLASH_EraseOptionBytes) refers to stm32f10x_flash.o(i.FLASH_WaitForLastOperation) for FLASH_WaitForLastOperation
    stm32f10x_flash.o(i.FLASH_ErasePage) refers to stm32f10x_flash.o(i.FLASH_WaitForLastOperation) for FLASH_WaitForLastOperation
    stm32f10x_flash.o(i.FLASH_ProgramHalfWord) refers to stm32f10x_flash.o(i.FLASH_WaitForLastOperation) for FLASH_WaitForLastOperation
    stm32f10x_flash.o(i.FLASH_ProgramOptionByteData) refers to stm32f10x_flash.o(i.FLASH_WaitForLastOperation) for FLASH_WaitForLastOperation
    stm32f10x_flash.o(i.FLASH_ProgramWord) refers to stm32f10x_flash.o(i.FLASH_WaitForLastOperation) for FLASH_WaitForLastOperation
    stm32f10x_flash.o(i.FLASH_ReadOutProtection) refers to stm32f10x_flash.o(i.FLASH_WaitForLastOperation) for FLASH_WaitForLastOperation
    stm32f10x_flash.o(i.FLASH_UserOptionByteConfig) refers to stm32f10x_flash.o(i.FLASH_WaitForLastOperation) for FLASH_WaitForLastOperation
    stm32f10x_flash.o(i.FLASH_WaitForLastBank1Operation) refers to stm32f10x_flash.o(i.FLASH_GetBank1Status) for FLASH_GetBank1Status
    stm32f10x_flash.o(i.FLASH_WaitForLastOperation) refers to stm32f10x_flash.o(i.FLASH_GetBank1Status) for FLASH_GetBank1Status
    stm32f10x_gpio.o(i.GPIO_AFIODeInit) refers to stm32f10x_rcc.o(i.RCC_APB2PeriphResetCmd) for RCC_APB2PeriphResetCmd
[...]
    i.SystemInit                             0x08002a68   Section        0  system_stm32f10x.o(i.SystemInit)
    i.TIM2_IRQHandler                        0x08002ac8   Section        0  main.o(i.TIM2_IRQHandler)
    i.USART_Cmd                              0x08002ad8   Section        0  stm32f10x_usart.o(i.USART_Cmd)
    i.USART_Configure                        0x08002af0   Section        0  main.o(i.USART_Configure)
    i.USART_GetFlagStatus                    0x08002b44   Section        0  stm32f10x_usart.o(i.USART_GetFlagStatus)
    i.USART_ITConfig                         0x08002b5e   Section        0  stm32f10x_usart.o(i.USART_ITConfig)
    i.USART_Init                             0x08002ba8   Section        0  stm32f10x_usart.o(i.USART_Init)
    i.USART_SendData                         0x08002c80   Section        0  stm32f10x_usart.o(i.USART_SendData)
    i.UsageFault_Handler                     0x08002c88   Section        0  stm32f10x_it.o(i.UsageFault_Handler)
    i._sys_exit                              0x08002c8c   Section        0  retarget.o(i._sys_exit)
    i.check_fs                               0x08002c90   Section        0  ff.o(i.check_fs)
    check_fs                                 0x08002c91   Thumb Code   138  ff.o(i.check_fs)
    i.chk_chr                                0x08002d20   Section        0  ff.o(i.chk_chr)
    chk_chr                                  0x08002d21   Thumb Code    20  ff.o(i.chk_chr)
    i.chk_mounted                            0x08002d34   Section        0  ff.o(i.chk_mounted)
    i.clust2sect                             0x0800301c   Section        0  ff.o(i.clust2sect)
    i.convert_from_bytes_to_power_of_two     0x08003036   Section        0  stm32_eval_sdio_sd.o(i.convert_from_bytes_to_power_of_two)
    convert_from_bytes_to_power_of_two       0x08003037   Thumb Code    18  stm32_eval_sdio_sd.o(i.convert_from_bytes_to_power_of_two)
    i.create_chain                           0x08003048   Section        0  ff.o(i.create_chain)
    create_chain                             0x08003049   Thumb Code   182  ff.o(i.create_chain)
    i.create_name                            0x08003100   Section        0  ff.o(i.create_name)
    create_name                              0x08003101   Thumb Code   318  ff.o(i.create_name)
    i.data_read                              0x0800324c   Section        0  main.o(i.data_read)
    i.data_write                             0x08003310   Section        0  main.o(i.data_write)
    i.dir_find                               0x08003420   Section        0  ff.o(i.dir_find)
    dir_find                                 0x08003421   Thumb Code    92  ff.o(i.dir_find)
    i.dir_next                               0x0800347c   Section        0  ff.o(i.dir_next)
    dir_next                                 0x0800347d   Thumb Code   278  ff.o(i.dir_next)
    i.dir_read                               0x08003592   Section        0  ff.o(i.dir_read)
    dir_read                                 0x08003593   Thumb Code    86  ff.o(i.dir_read)
    i.dir_register                           0x080035e8   Section        0  ff.o(i.dir_register)
    dir_register                             0x080035e9   Thumb Code   120  ff.o(i.dir_register)
    i.dir_remove                             0x08003660   Section        0  ff.o(i.dir_remove)
    dir_remove                               0x08003661   Thumb Code    44  ff.o(i.dir_remove)
    i.dir_seek                               0x0800368c   Section        0  ff.o(i.dir_seek)
    dir_seek                                 0x0800368d   Thumb Code   156  ff.o(i.dir_seek)
    i.disk_initialize                        0x08003728   Section        0  diskio.o(i.disk_initialize)
    i.disk_ioctl                             0x08003754   Section        0  diskio.o(i.disk_ioctl)
    i.disk_read                              0x0800375a   Section        0  diskio.o(i.disk_read)
    i.disk_status                            0x080037a4   Section        0  diskio.o(i.disk_status)
    i.disk_write                             0x080037cc   Section        0  diskio.o(i.disk_write)
    i.f_close                                0x08003816   Section        0  ff.o(i.f_close)
    i.f_lseek                                0x0800382c   Section        0  ff.o(i.f_lseek)
    i.f_mount                                0x080039ec   Section        0  ff.o(i.f_mount)
    i.f_open                                 0x08003a18   Section        0  ff.o(i.f_open)
    i.f_opendir                              0x08003ba4   Section        0  ff.o(i.f_opendir)
    i.f_read                                 0x08003c0c   Section        0  ff.o(i.f_read)
    i.f_readdir                              0x08003dde   Section        0  ff.o(i.f_readdir)
    i.f_sync                                 0x08003e36   Section        0  ff.o(i.f_sync)
    i.f_unlink                               0x08003eee   Section        0  ff.o(i.f_unlink)
    i.f_write                                0x08003fa8   Section        0  ff.o(i.f_write)
    i.ferror                                 0x080041b8   Section        0  retarget.o(i.ferror)
    i.follow_path                            0x080041c0   Section        0  ff.o(i.follow_path)
    follow_path                              0x080041c1   Thumb Code   166  ff.o(i.follow_path)
    i.fputc                                  0x08004266   Section        0  retarget.o(i.fputc)
    i.get_fat                                0x08004274   Section        0  ff.o(i.get_fat)
    i.get_fattime                            0x08004386   Section        0  diskio.o(i.get_fattime)
    i.get_fileinfo                           0x0800438a   Section        0  ff.o(i.get_fileinfo)
    get_fileinfo                             0x0800438b   Thumb Code   152  ff.o(i.get_fileinfo)
    i.main                                   0x08004424   Section        0  main.o(i.main)
    i.main_FreeRTos                          0x08004694   Section        0  main.o(i.main_FreeRTos)
    i.mem_cmp                                0x08004870   Section        0  ff.o(i.mem_cmp)
    mem_cmp                                  0x08004871   Thumb Code    38  ff.o(i.mem_cmp)
    i.mem_cpy                                0x08004896   Section        0  ff.o(i.mem_cpy)
    mem_cpy                                  0x08004897   Thumb Code    26  ff.o(i.mem_cpy)
    i.mem_set                                0x080048b0   Section        0  ff.o(i.mem_set)
    mem_set                                  0x080048b1   Thumb Code    20  ff.o(i.mem_set)
    i.move_window                            0x080048c4   Section        0  ff.o(i.move_window)
    move_window                              0x080048c5   Thumb Code   114  ff.o(i.move_window)
    i.prvAddCurrentTaskToDelayedList         0x08004938   Section        0  tasks.o(i.prvAddCurrentTaskToDelayedList)
    prvAddCurrentTaskToDelayedList           0x08004939   Thumb Code   124  tasks.o(i.prvAddCurrentTaskToDelayedList)
    i.prvAddNewTaskToReadyList               0x080049d0   Section        0  tasks.o(i.prvAddNewTaskToReadyList)
    prvAddNewTaskToReadyList                 0x080049d1   Thumb Code   150  tasks.o(i.prvAddNewTaskToReadyList)
    i.prvCheckForValidListAndQueue           0x08004a84   Section        0  timers.o(i.prvCheckForValidListAndQueue)
    prvCheckForValidListAndQueue             0x08004a85   Thumb Code    56  timers.o(i.prvCheckForValidListAndQueue)
    i.prvCheckTasksWaitingTermination        0x08004ad0   Section        0  tasks.o(i.prvCheckTasksWaitingTermination)
    prvCheckTasksWaitingTermination          0x08004ad1   Thumb Code    60  tasks.o(i.prvCheckTasksWaitingTermination)
    i.prvCopyDataFromQueue                   0x08004b18   Section        0  queue.o(i.prvCopyDataFromQueue)
    prvCopyDataFromQueue                     0x08004b19   Thumb Code    42  queue.o(i.prvCopyDataFromQueue)
    i.prvCopyDataToQueue                     0x08004b42   Section        0  queue.o(i.prvCopyDataToQueue)
    prvCopyDataToQueue                       0x08004b43   Thumb Code   106  queue.o(i.prvCopyDataToQueue)
    i.prvDeleteTCB                           0x08004bac   Section        0  tasks.o(i.prvDeleteTCB)
    prvDeleteTCB                             0x08004bad   Thumb Code    18  tasks.o(i.prvDeleteTCB)
    i.prvGetNextExpireTime                   0x08004bc0   Section        0  timers.o(i.prvGetNextExpireTime)
    prvGetNextExpireTime                     0x08004bc1   Thumb Code    36  timers.o(i.prvGetNextExpireTime)
    i.prvHeapInit                            0x08004be8   Section        0  heap_2.o(i.prvHeapInit)
    prvHeapInit                              0x08004be9   Thumb Code    42  heap_2.o(i.prvHeapInit)
    i.prvIdleTask                            0x08004c20   Section        0  tasks.o(i.prvIdleTask)
    prvIdleTask                              0x08004c21   Thumb Code    32  tasks.o(i.prvIdleTask)
    i.prvInitialiseNewQueue                  0x08004c48   Section        0  queue.o(i.prvInitialiseNewQueue)
    prvInitialiseNewQueue                    0x08004c49   Thumb Code    38  queue.o(i.prvInitialiseNewQueue)
    i.prvInitialiseNewTask                   0x08004c6e   Section        0  tasks.o(i.prvInitialiseNewTask)
    prvInitialiseNewTask                     0x08004c6f   Thumb Code   152  tasks.o(i.prvInitialiseNewTask)
    i.prvInitialiseNewTimer                  0x08004d06   Section        0  timers.o(i.prvInitialiseNewTimer)
    prvInitialiseNewTimer                    0x08004d07   Thumb Code    58  timers.o(i.prvInitialiseNewTimer)
    i.prvInitialiseTaskLists                 0x08004d40   Section        0  tasks.o(i.prvInitialiseTaskLists)
    prvInitialiseTaskLists                   0x08004d41   Thumb Code    70  tasks.o(i.prvInitialiseTaskLists)
    i.prvInsertTimerInActiveList             0x08004da8   Section        0  timers.o(i.prvInsertTimerInActiveList)
    prvInsertTimerInActiveList               0x08004da9   Thumb Code    80  timers.o(i.prvInsertTimerInActiveList)
    i.prvIsQueueEmpty                        0x08004e00   Section        0  queue.o(i.prvIsQueueEmpty)
    prvIsQueueEmpty                          0x08004e01   Thumb Code    26  queue.o(i.prvIsQueueEmpty)
    i.prvIsQueueFull                         0x08004e1a   Section        0  queue.o(i.prvIsQueueFull)
    prvIsQueueFull                           0x08004e1b   Thumb Code    30  queue.o(i.prvIsQueueFull)
    i.prvProcessExpiredTimer                 0x08004e38   Section        0  timers.o(i.prvProcessExpiredTimer)
    prvProcessExpiredTimer                   0x08004e39   Thumb Code    86  timers.o(i.prvProcessExpiredTimer)
    i.prvProcessReceivedCommands             0x08004e94   Section        0  timers.o(i.prvProcessReceivedCommands)
    prvProcessReceivedCommands               0x08004e95   Thumb Code   246  timers.o(i.prvProcessReceivedCommands)
    i.prvProcessTimerOrBlockTask             0x08004f90   Section        0  timers.o(i.prvProcessTimerOrBlockTask)
    prvProcessTimerOrBlockTask               0x08004f91   Thumb Code   102  timers.o(i.prvProcessTimerOrBlockTask)
    i.prvResetNextTaskUnblockTime            0x08005004   Section        0  tasks.o(i.prvResetNextTaskUnblockTime)
    prvResetNextTaskUnblockTime              0x08005005   Thumb Code    42  tasks.o(i.prvResetNextTaskUnblockTime)
    i.prvSampleTimeNow                       0x08005038   Section        0  timers.o(i.prvSampleTimeNow)
    prvSampleTimeNow                         0x08005039   Thumb Code    40  timers.o(i.prvSampleTimeNow)
    i.prvSwitchTimerLists                    0x08005064   Section        0  timers.o(i.prvSwitchTimerLists)
    prvSwitchTimerLists                      0x08005065   Thumb Code   126  timers.o(i.prvSwitchTimerLists)
    i.prvTaskExitError                       0x080050ec   Section        0  port.o(i.prvTaskExitError)
    prvTaskExitError                         0x080050ed   Thumb Code    22  port.o(i.prvTaskExitError)
    i.prvTimerTask                           0x08005102   Section        0  timers.o(i.prvTimerTask)
    prvTimerTask                             0x08005103   Thumb Code    26  timers.o(i.prvTimerTask)
    i.prvUnlockQueue                         0x0800511c   Section        0  queue.o(i.prvUnlockQueue)
    prvUnlockQueue                           0x0800511d   Thumb Code   126  queue.o(i.prvUnlockQueue)
    i.put_fat                                0x0800519a   Section        0  ff.o(i.put_fat)
    i.pvPortMalloc                           0x080052e0   Section        0  heap_2.o(i.pvPortMalloc)
    i.pxPortInitialiseStack                  0x08005398   Section        0  port.o(i.pxPortInitialiseStack)
    i.remove_chain                           0x080053bc   Section        0  ff.o(i.remove_chain)
    remove_chain                             0x080053bd   Thumb Code   104  ff.o(i.remove_chain)
    i.sync                                   0x08005424   Section        0  ff.o(i.sync)
    sync                                     0x08005425   Thumb Code   202  ff.o(i.sync)
    i.test1Timer_HandleCallback              0x080054f0   Section        0  main.o(i.test1Timer_HandleCallback)
    i.uxListRemove                           0x08005518   Section        0  list.o(i.uxListRemove)
    i.vListInitialise                        0x08005540   Section        0  list.o(i.vListInitialise)
    i.vListInitialiseItem                    0x0800555a   Section        0  list.o(i.vListInitialiseItem)
    i.vListInsert                            0x08005560   Section        0  list.o(i.vListInsert)
    i.vListInsertEnd                         0x08005594   Section        0  list.o(i.vListInsertEnd)
    i.vPortEnterCritical                     0x080055ac   Section        0  port.o(i.vPortEnterCritical)
    i.vPortExitCritical                      0x080055d0   Section        0  port.o(i.vPortExitCritical)
    i.vPortFree                              0x080055f0   Section        0  heap_2.o(i.vPortFree)
    i.vPortSetupTimerInterrupt               0x08005630   Section        0  port.o(i.vPortSetupTimerInterrupt)
    i.vQueueWaitForMessageRestricted         0x08005648   Section        0  queue.o(i.vQueueWaitForMessageRestricted)
    i.vTaskDelay                             0x08005694   Section        0  tasks.o(i.vTaskDelay)
    i.vTaskInternalSetTimeOutState           0x080056c8   Section        0  tasks.o(i.vTaskInternalSetTimeOutState)
    i.vTaskMissedYield                       0x080056e0   Section        0  tasks.o(i.vTaskMissedYield)
    i.vTaskPlaceOnEventList                  0x080056ec   Section        0  tasks.o(i.vTaskPlaceOnEventList)
    i.vTaskPlaceOnEventListRestricted        0x0800570c   Section        0  tasks.o(i.vTaskPlaceOnEventListRestricted)
    i.vTaskStartScheduler                    0x08005734   Section        0  tasks.o(i.vTaskStartScheduler)
    i.vTaskSuspendAll                        0x080057a4   Section        0  tasks.o(i.vTaskSuspendAll)
    i.vTaskSwitchContext                     0x080057b4   Section        0  tasks.o(i.vTaskSwitchContext)
    i.validate                               0x08005814   Section        0  ff.o(i.validate)
    validate                                 0x08005815   Thumb Code    42  ff.o(i.validate)
    i.xPortStartScheduler                    0x08005840   Section        0  port.o(i.xPortStartScheduler)
    i.xPortSysTickHandler                    0x08005874   Section        0  port.o(i.xPortSysTickHandler)
    i.xQueueGenericCreate                    0x080058a8   Section        0  queue.o(i.xQueueGenericCreate)
    i.xQueueGenericReset                     0x080058e4   Section        0  queue.o(i.xQueueGenericReset)
    i.xQueueGenericSend                      0x08005964   Section        0  queue.o(i.xQueueGenericSend)
    i.xQueueGenericSendFromISR               0x08005a7c   Section        0  queue.o(i.xQueueGenericSendFromISR)
    i.xQueueReceive                          0x08005b04   Section        0  queue.o(i.xQueueReceive)
    i.xTaskCheckForTimeOut                   0x08005c08   Section        0  tasks.o(i.xTaskCheckForTimeOut)
    i.xTaskCreate                            0x08005c64   Section        0  tasks.o(i.xTaskCreate)
    i.xTaskGetSchedulerState                 0x08005cc4   Section        0  tasks.o(i.xTaskGetSchedulerState)
    i.xTaskGetTickCount                      0x08005ce4   Section        0  tasks.o(i.xTaskGetTickCount)
    i.xTaskIncrementTick                     0x08005cf0   Section        0  tasks.o(i.xTaskIncrementTick)
    i.xTaskRemoveFromEventList               0x08005e0c   Section        0  tasks.o(i.xTaskRemoveFromEventList)
    i.xTaskResumeAll                         0x08005e8c   Section        0  tasks.o(i.xTaskResumeAll)
    i.xTimerCreate                           0x08005f74   Section        0  timers.o(i.xTimerCreate)
    i.xTimerCreateTimerTask                  0x08005fac   Section        0  timers.o(i.xTimerCreateTimerTask)
    i.xTimerGenericCommand                   0x08005fe8   Section        0  timers.o(i.xTimerGenericCommand)
    .constdata                               0x08006054   Section       85  main.o(.constdata)
    __func__                                 0x08006054   Data          26  main.o(.constdata)
    __func__                                 0x0800606e   Data          11  main.o(.constdata)
    __func__                                 0x08006079   Data          10  main.o(.constdata)
    __func__                                 0x08006083   Data          14  main.o(.constdata)
    __func__                                 0x08006091   Data          10  main.o(.constdata)
    __func__                                 0x0800609b   Data          14  main.o(.constdata)
    .data                                    0x20000000   Section       20  stm32f10x_rcc.o(.data)
    APBAHBPrescTable                         0x20000000   Data          16  stm32f10x_rcc.o(.data)
    ADCPrescTable                            0x20000010   Data           4  stm32f10x_rcc.o(.data)
    .data                                    0x20000014   Section       49  main.o(.data)
    fac_ms                                   0x20000018   Data           2  main.o(.data)
    count                                    0x2000001c   Data           4  main.o(.data)
    TimingDelay                              0x20000020   Data           4  main.o(.data)
    cnt                                      0x20000040   Data           4  main.o(.data)
    flag                                     0x20000044   Data           1  main.o(.data)
    .data                                    0x20000048   Section        8  retarget.o(.data)
    .data                                    0x20000050   Section       60  tasks.o(.data)
    pxDelayedTaskList                        0x20000054   Data           4  tasks.o(.data)
    pxOverflowDelayedTaskList                0x20000058   Data           4  tasks.o(.data)
    uxDeletedTasksWaitingCleanUp             0x2000005c   Data           4  tasks.o(.data)
    uxCurrentNumberOfTasks                   0x20000060   Data           4  tasks.o(.data)
    xTickCount                               0x20000064   Data           4  tasks.o(.data)
    uxTopReadyPriority                       0x20000068   Data           4  tasks.o(.data)
    xSchedulerRunning                        0x2000006c   Data           4  tasks.o(.data)
    uxPendedTicks                            0x20000070   Data           4  tasks.o(.data)
    xYieldPending                            0x20000074   Data           4  tasks.o(.data)
    xNumOfOverflows                          0x20000078   Data           4  tasks.o(.data)
    uxTaskNumber                             0x2000007c   Data           4  tasks.o(.data)
    xNextTaskUnblockTime                     0x20000080   Data           4  tasks.o(.data)
    xIdleTaskHandle                          0x20000084   Data           4  tasks.o(.data)
    uxSchedulerSuspended                     0x20000088   Data           4  tasks.o(.data)
    .data                                    0x2000008c   Section       20  timers.o(.data)
    pxCurrentTimerList                       0x2000008c   Data           4  timers.o(.data)
    pxOverflowTimerList                      0x20000090   Data           4  timers.o(.data)
    xTimerQueue                              0x20000094   Data           4  timers.o(.data)
    xTimerTaskHandle                         0x20000098   Data           4  timers.o(.data)
    xLastTime                                0x2000009c   Data           4  timers.o(.data)
    .data                                    0x200000a0   Section       24  heap_2.o(.data)
    xStart                                   0x200000a0   Data           8  heap_2.o(.data)
    xEnd                                     0x200000a8   Data           8  heap_2.o(.data)
    xFreeBytesRemaining                      0x200000b0   Data           4  heap_2.o(.data)
    xHeapHasBeenInitialised                  0x200000b4   Data           4  heap_2.o(.data)
    .data                                    0x200000b8   Section        4  port.o(.data)
    uxCriticalNesting                        0x200000b8   Data           4  port.o(.data)
    .data                                    0x200000bc   Section       40  stm32_eval_sdio_sd.o(.data)
    CardType                                 0x200000bc   Data           4  stm32_eval_sdio_sd.o(.data)
    RCA                                      0x200000c0   Data           4  stm32_eval_sdio_sd.o(.data)
    DeviceMode                               0x200000c4   Data           4  stm32_eval_sdio_sd.o(.data)
    TotalNumberOfBytes                       0x200000c8   Data           4  stm32_eval_sdio_sd.o(.data)
    StopCondition                            0x200000cc   Data           4  stm32_eval_sdio_sd.o(.data)
    .data                                    0x200000e4   Section        6  ff.o(.data)
    FatFs                                    0x200000e4   Data           4  ff.o(.data)
    Fsid                                     0x200000e8   Data           2  ff.o(.data)
    .bss                                     0x200000ec   Section     2872  main.o(.bss)
    .bss                                     0x20000c24   Section      200  tasks.o(.bss)
    pxReadyTasksLists                        0x20000c24   Data         100  tasks.o(.bss)
    xDelayedTaskList1                        0x20000c88   Data          20  tasks.o(.bss)
    xDelayedTaskList2                        0x20000c9c   Data          20  tasks.o(.bss)
    xPendingReadyList                        0x20000cb0   Data          20  tasks.o(.bss)
    xTasksWaitingTermination                 0x20000cc4   Data          20  tasks.o(.bss)
    xSuspendedTaskList                       0x20000cd8   Data          20  tasks.o(.bss)
    .bss                                     0x20000cec   Section       40  timers.o(.bss)
    xActiveTimerList1                        0x20000cec   Data          20  timers.o(.bss)
    xActiveTimerList2                        0x20000d00   Data          20  timers.o(.bss)
    .bss                                     0x20000d14   Section    17408  heap_2.o(.bss)
    ucHeap                                   0x20000d14   Data       17408  heap_2.o(.bss)
    .bss                                     0x20005114   Section      180  stm32_eval_sdio_sd.o(.bss)
    CSD_Tab                                  0x20005114   Data          16  stm32_eval_sdio_sd.o(.bss)
    CID_Tab                                  0x20005124   Data          16  stm32_eval_sdio_sd.o(.bss)
    .bss                                     0x200051c8   Section       96  libspace.o(.bss)
    HEAP                                     0x20005228   Section      512  startup_stm32f10x_hd.o(HEAP)
    Heap_Mem                                 0x20005228   Data         512  startup_stm32f10x_hd.o(HEAP)
    STACK                                    0x20005428   Section      512  startup_stm32f10x_hd.o(STACK)
    Stack_Mem                                0x20005428   Data         512  startup_stm32f10x_hd.o(STACK)
    __initial_sp                             0x20005628   Data           0  startup_stm32f10x_hd.o(STACK)

    Global Symbols

    Symbol Name                              Value     Ov Type        Size  Object(Section)

    BuildAttributes$$THM_ISAv4$P$D$K$B$S$PE$A:L22UL41UL21$X:L11$S22US41US21$IEEE1$IW$USESV6$~STKCKD$USESV7$~SHL$OSPACE$ROPI$EBA8$UX$STANDARDLIB$REQ8$PRES8$EABIv2 0x00000000   Number         0  anon$$obj.o ABSOLUTE
    __ARM_use_no_argv                        0x00000000   Number         0  main.o ABSOLUTE
    _printf_flags                            0x00000000   Number         0  printf_stubs.o ABSOLUTE
    _printf_return_value                     0x00000000   Number         0  printf_stubs.o ABSOLUTE
    _printf_sizespec                         0x00000000   Number         0  printf_stubs.o ABSOLUTE
    _printf_widthprec                        0x00000000   Number         0  printf_stubs.o ABSOLUTE
    __ARM_exceptions_init                     - Undefined Weak Reference
    __alloca_initialize                       - Undefined Weak Reference
    __arm_preinit_                            - Undefined Weak Reference
    __cpp_initialize__aeabi_                  - Undefined Weak Reference
    __cxa_finalize                            - Undefined Weak Reference
    __rt_locale                               - Undefined Weak Reference
    __sigvec_lookup                           - Undefined Weak Reference
    _atexit_init                              - Undefined Weak Reference
    _call_atexit_fns                          - Undefined Weak Reference
    _clock_init                               - Undefined Weak Reference
    _fp_trap_init                             - Undefined Weak Reference
    _fp_trap_shutdown                         - Undefined Weak Reference
    _get_lc_collate                           - Undefined Weak Reference
    _get_lc_ctype                             - Undefined Weak Reference
    _get_lc_monetary                          - Undefined Weak Reference
    _get_lc_numeric                           - Undefined Weak Reference
    _get_lc_time                              - Undefined Weak Reference
    _getenv_init                              - Undefined Weak Reference
    _handle_redirection                       - Undefined Weak Reference
    _init_alloc                               - Undefined Weak Reference
    _init_user_alloc                          - Undefined Weak Reference
    _initio                                   - Undefined Weak Reference
    _printf_mbtowc                            - Undefined Weak Reference
    _printf_post_padding                      - Undefined Weak Reference
    _printf_pre_padding                       - Undefined Weak Reference
    _printf_truncate_signed                   - Undefined Weak Reference
    _printf_truncate_unsigned                 - Undefined Weak Reference
    _rand_init                                - Undefined Weak Reference
    _signal_finish                            - Undefined Weak Reference
    _signal_init                              - Undefined Weak Reference
    _terminate_alloc                          - Undefined Weak Reference
    _terminate_user_alloc                     - Undefined Weak Reference
    _terminateio                              - Undefined Weak Reference
    __Vectors_Size                           0x00000130   Number         0  startup_stm32f10x_hd.o ABSOLUTE
    __Vectors                                0x08000000   Data           4  startup_stm32f10x_hd.o(RESET)
    __Vectors_End                            0x08000130   Data           0  startup_stm32f10x_hd.o(RESET)
    __main                                   0x08000131   Thumb Code     8  __main.o(!!!main)
    __scatterload                            0x08000139   Thumb Code     0  __scatter.o(!!!scatter)
    __scatterload_rt2                        0x08000139   Thumb Code    44  __scatter.o(!!!scatter)
    __scatterload_rt2_thumb_only             0x08000139   Thumb Code     0  __scatter.o(!!!scatter)
    __scatterload_null                       0x08000147   Thumb Code     0  __scatter.o(!!!scatter)
    __scatterload_copy                       0x0800016d   Thumb Code    26  __scatter_copy.o(!!handler_copy)
    __scatterload_zeroinit                   0x08000189   Thumb Code    28  __scatter_zi.o(!!handler_zi)
    _printf_d                                0x080001a5   Thumb Code     0  _printf_d.o(.ARM.Collect$$_printf_percent$$00000009)
    _printf_percent                          0x080001a5   Thumb Code     0  _printf_percent.o(.ARM.Collect$$_printf_percent$$00000000)
    _printf_s                                0x080001ab   Thumb Code     0  _printf_s.o(.ARM.Collect$$_printf_percent$$00000014)
    _printf_percent_end                      0x080001b1   Thumb Code     0  _printf_percent_end.o(.ARM.Collect$$_printf_percent$$00000017)
    __rt_lib_init                            0x080001b5   Thumb Code     0  libinit.o(.ARM.Collect$$libinit$$00000000)
    __rt_lib_init_alloca_1                   0x080001b7   Thumb Code     0  libinit2.o(.ARM.Collect$$libinit$$0000002E)
    __rt_lib_init_argv_1                     0x080001b7   Thumb Code     0  libinit2.o(.ARM.Collect$$libinit$$0000002C)
    __rt_lib_init_atexit_1                   0x080001b7   Thumb Code     0  libinit2.o(.ARM.Collect$$libinit$$0000001B)
    __rt_lib_init_clock_1                    0x080001b7   Thumb Code     0  libinit2.o(.ARM.Collect$$libinit$$00000021)
    __rt_lib_init_cpp_1                      0x080001b7   Thumb Code     0  libinit2.o(.ARM.Collect$$libinit$$00000032)
    __rt_lib_init_exceptions_1               0x080001b7   Thumb Code     0  libinit2.o(.ARM.Collect$$libinit$$00000030)
    __rt_lib_init_fp_1                       0x080001b7   Thumb Code     0  libinit2.o(.ARM.Collect$$libinit$$00000002)
    __rt_lib_init_fp_trap_1                  0x080001b7   Thumb Code     0  libinit2.o(.ARM.Collect$$libinit$$0000001F)
    __rt_lib_init_getenv_1                   0x080001b7   Thumb Code     0  libinit2.o(.ARM.Collect$$libinit$$00000023)
    __rt_lib_init_heap_1                     0x080001b7   Thumb Code     0  libinit2.o(.ARM.Collect$$libinit$$0000000A)
    __rt_lib_init_lc_collate_1               0x080001b7   Thumb Code     0  libinit2.o(.ARM.Collect$$libinit$$00000011)
    __rt_lib_init_lc_ctype_1                 0x080001b7   Thumb Code     0  libinit2.o(.ARM.Collect$$libinit$$00000013)
    __rt_lib_init_lc_monetary_1              0x080001b7   Thumb Code     0  libinit2.o(.ARM.Collect$$libinit$$00000015)
    __rt_lib_init_lc_numeric_1               0x080001b7   Thumb Code     0  libinit2.o(.ARM.Collect$$libinit$$00000017)
    __rt_lib_init_lc_time_1                  0x080001b7   Thumb Code     0  libinit2.o(.ARM.Collect$$libinit$$00000019)
    __rt_lib_init_preinit_1                  0x080001b7   Thumb Code     0  libinit2.o(.ARM.Collect$$libinit$$00000004)
    __rt_lib_init_rand_1                     0x080001b7   Thumb Code     0  libinit2.o(.ARM.Collect$$libinit$$0000000E)
    __rt_lib_init_return                     0x080001b7   Thumb Code     0  libinit2.o(.ARM.Collect$$libinit$$00000033)
    __rt_lib_init_signal_1                   0x080001b7   Thumb Code     0  libinit2.o(.ARM.Collect$$libinit$$0000001D)
    __rt_lib_init_stdio_1                    0x080001b7   Thumb Code     0  libinit2.o(.ARM.Collect$$libinit$$00000025)
    __rt_lib_init_user_alloc_1               0x080001b7   Thumb Code     0  libinit2.o(.ARM.Collect$$libinit$$0000000C)
    __rt_lib_shutdown                        0x080001b9   Thumb Code     0  libshutdown.o(.ARM.Collect$$libshutdown$$00000000)
    __rt_lib_shutdown_cpp_1                  0x080001bb   Thumb Code     0  libshutdown2.o(.ARM.Collect$$libshutdown$$00000002)
    __rt_lib_shutdown_fp_trap_1              0x080001bb   Thumb Code     0  libshutdown2.o(.ARM.Collect$$libshutdown$$00000007)
    __rt_lib_shutdown_heap_1                 0x080001bb   Thumb Code     0  libshutdown2.o(.ARM.Collect$$libshutdown$$0000000F)
    __rt_lib_shutdown_return                 0x080001bb   Thumb Code     0  libshutdown2.o(.ARM.Collect$$libshutdown$$00000010)
    __rt_lib_shutdown_signal_1               0x080001bb   Thumb Code     0  libshutdown2.o(.ARM.Collect$$libshutdown$$0000000A)
    __rt_lib_shutdown_stdio_1                0x080001bb   Thumb Code     0  libshutdown2.o(.ARM.Collect$$libshutdown$$00000004)
    __rt_lib_shutdown_user_alloc_1           0x080001bb   Thumb Code     0  libshutdown2.o(.ARM.Collect$$libshutdown$$0000000C)
    __rt_entry                               0x080001bd   Thumb Code     0  __rtentry.o(.ARM.Collect$$rtentry$$00000000)
    __rt_entry_presh_1                       0x080001bd   Thumb Code     0  __rtentry2.o(.ARM.Collect$$rtentry$$00000002)
    __rt_entry_sh                            0x080001bd   Thumb Code     0  __rtentry4.o(.ARM.Collect$$rtentry$$00000004)
    __rt_entry_li                            0x080001c3   Thumb Code     0  __rtentry2.o(.ARM.Collect$$rtentry$$0000000A)
    __rt_entry_postsh_1                      0x080001c3   Thumb Code     0  __rtentry2.o(.ARM.Collect$$rtentry$$00000009)
    __rt_entry_main                          0x080001c7   Thumb Code     0  __rtentry2.o(.ARM.Collect$$rtentry$$0000000D)
    __rt_entry_postli_1                      0x080001c7   Thumb Code     0  __rtentry2.o(.ARM.Collect$$rtentry$$0000000C)
    __rt_exit                                0x080001cf   Thumb Code     0  rtexit.o(.ARM.Collect$$rtexit$$00000000)
    __rt_exit_ls                             0x080001d1   Thumb Code     0  rtexit2.o(.ARM.Collect$$rtexit$$00000003)
    __rt_exit_prels_1                        0x080001d1   Thumb Code     0  rtexit2.o(.ARM.Collect$$rtexit$$00000002)
    __rt_exit_exit                           0x080001d5   Thumb Code     0  rtexit2.o(.ARM.Collect$$rtexit$$00000004)
    xPortSVCHandler                          0x080001dd   Thumb Code    32  port.o(.emb_text)
    __asm___6_port_c_39a90d8d__prvStartFirstTask 0x08000201   Thumb Code    28  port.o(.emb_text)
    xPortPendSVHandler                       0x08000221   Thumb Code    72  port.o(.emb_text)
    vPortGetIPSR                             0x0800026d   Thumb Code     6  port.o(.emb_text)
    Reset_Handler                            0x08000275   Thumb Code     8  startup_stm32f10x_hd.o(.text)
    ADC1_2_IRQHandler                        0x0800028f   Thumb Code     0  startup_stm32f10x_hd.o(.text)
    ADC3_IRQHandler                          0x0800028f   Thumb Code     0  startup_stm32f10x_hd.o(.text)
    CAN1_RX1_IRQHandler                      0x0800028f   Thumb Code     0  startup_stm32f10x_hd.o(.text)
    CAN1_SCE_IRQHandler                      0x0800028f   Thumb Code     0  startup_stm32f10x_hd.o(.text)
    DMA1_Channel1_IRQHandler                 0x0800028f   Thumb Code     0  startup_stm32f10x_hd.o(.text)
    DMA1_Channel2_IRQHandler                 0x0800028f   Thumb Code     0  startup_stm32f10x_hd.o(.text)
    DMA1_Channel3_IRQHandler                 0x0800028f   Thumb Code     0  startup_stm32f10x_hd.o(.text)
    DMA1_Channel4_IRQHandler                 0x0800028f   Thumb Code     0  startup_stm32f10x_hd.o(.text)
    DMA1_Channel5_IRQHandler                 0x0800028f   Thumb Code     0  startup_stm32f10x_hd.o(.text)
    DMA1_Channel6_IRQHandler                 0x0800028f   Thumb Code     0  startup_stm32f10x_hd.o(.text)
    DMA1_Channel7_IRQHandler                 0x0800028f   Thumb Code     0  startup_stm32f10x_hd.o(.text)
    DMA2_Channel1_IRQHandler                 0x0800028f   Thumb Code     0  startup_stm32f10x_hd.o(.text)
    DMA2_Channel2_IRQHandler                 0x0800028f   Thumb Code     0  startup_stm32f10x_hd.o(.text)
    DMA2_Channel3_IRQHandler                 0x0800028f   Thumb Code     0  startup_stm32f10x_hd.o(.text)
    DMA2_Channel4_5_IRQHandler               0x0800028f   Thumb Code     0  startup_stm32f10x_hd.o(.text)
    EXTI0_IRQHandler                         0x0800028f   Thumb Code     0  startup_stm32f10x_hd.o(.text)
    EXTI15_10_IRQHandler                     0x0800028f   Thumb Code     0  startup_stm32f10x_hd.o(.text)
    EXTI1_IRQHandler                         0x0800028f   Thumb Code     0  startup_stm32f10x_hd.o(.text)
    EXTI2_IRQHandler                         0x0800028f   Thumb Code     0  startup_stm32f10x_hd.o(.text)
    EXTI3_IRQHandler                         0x0800028f   Thumb Code     0  startup_stm32f10x_hd.o(.text)
    EXTI4_IRQHandler                         0x0800028f   Thumb Code     0  startup_stm32f10x_hd.o(.text)
    EXTI9_5_IRQHandler                       0x0800028f   Thumb Code     0  startup_stm32f10x_hd.o(.text)
    FLASH_IRQHandler                         0x0800028f   Thumb Code     0  startup_stm32f10x_hd.o(.text)
    FSMC_IRQHandler                          0x0800028f   Thumb Code     0  startup_stm32f10x_hd.o(.text)
    I2C1_ER_IRQHandler                       0x0800028f   Thumb Code     0  startup_stm32f10x_hd.o(.text)
    I2C1_EV_IRQHandler                       0x0800028f   Thumb Code     0  startup_stm32f10x_hd.o(.text)
    I2C2_ER_IRQHandler                       0x0800028f   Thumb Code     0  startup_stm32f10x_hd.o(.text)
    I2C2_EV_IRQHandler                       0x0800028f   Thumb Code     0  startup_stm32f10x_hd.o(.text)
    PVD_IRQHandler                           0x0800028f   Thumb Code     0  startup_stm32f10x_hd.o(.text)
    RCC_IRQHandler                           0x0800028f   Thumb Code     0  startup_stm32f10x_hd.o(.text)
    RTCAlarm_IRQHandler                      0x0800028f   Thumb Code     0  startup_stm32f10x_hd.o(.text)
    RTC_IRQHandler                           0x0800028f   Thumb Code     0  startup_stm32f10x_hd.o(.text)
    SDIO_IRQHandler                          0x0800028f   Thumb Code     0  startup_stm32f10x_hd.o(.text)
    SPI1_IRQHandler                          0x0800028f   Thumb Code     0  startup_stm32f10x_hd.o(.text)
    SPI2_IRQHandler                          0x0800028f   Thumb Code     0  startup_stm32f10x_hd.o(.text)
    SPI3_IRQHandler                          0x0800028f   Thumb Code     0  startup_stm32f10x_hd.o(.text)
    TAMPER_IRQHandler                        0x0800028f   Thumb Code     0  startup_stm32f10x_hd.o(.text)
    TIM1_BRK_IRQHandler                      0x0800028f   Thumb Code     0  startup_stm32f10x_hd.o(.text)
    TIM1_CC_IRQHandler                       0x0800028f   Thumb Code     0  startup_stm32f10x_hd.o(.text)
    TIM1_TRG_COM_IRQHandler                  0x0800028f   Thumb Code     0  startup_stm32f10x_hd.o(.text)
    TIM1_UP_IRQHandler                       0x0800028f   Thumb Code     0  startup_stm32f10x_hd.o(.text)
    TIM3_IRQHandler                          0x0800028f   Thumb Code     0  startup_stm32f10x_hd.o(.text)
    TIM4_IRQHandler                          0x0800028f   Thumb Code     0  startup_stm32f10x_hd.o(.text)
    TIM5_IRQHandler                          0x0800028f   Thumb Code     0  startup_stm32f10x_hd.o(.text)
    TIM6_IRQHandler                          0x0800028f   Thumb Code     0  startup_stm32f10x_hd.o(.text)
    TIM7_IRQHandler                          0x0800028f   Thumb Code     0  startup_stm32f10x_hd.o(.text)
    TIM8_BRK_IRQHandler                      0x0800028f   Thumb Code     0  startup_stm32f10x_hd.o(.text)
    TIM8_CC_IRQHandler                       0x0800028f   Thumb Code     0  startup_stm32f10x_hd.o(.text)
    TIM8_TRG_COM_IRQHandler                  0x0800028f   Thumb Code     0  startup_stm32f10x_hd.o(.text)
    TIM8_UP_IRQHandler                       0x0800028f   Thumb Code     0  startup_stm32f10x_hd.o(.text)
    UART4_IRQHandler                         0x0800028f   Thumb Code     0  startup_stm32f10x_hd.o(.text)
    UART5_IRQHandler                         0x0800028f   Thumb Code     0  startup_stm32f10x_hd.o(.text)
    USART1_IRQHandler                        0x0800028f   Thumb Code     0  startup_stm32f10x_hd.o(.text)
    USART2_IRQHandler                        0x0800028f   Thumb Code     0  startup_stm32f10x_hd.o(.text)
    USART3_IRQHandler                        0x0800028f   Thumb Code     0  startup_stm32f10x_hd.o(.text)
    USBWakeUp_IRQHandler                     0x0800028f   Thumb Code     0  startup_stm32f10x_hd.o(.text)
    USB_HP_CAN1_TX_IRQHandler                0x0800028f   Thumb Code     0  startup_stm32f10x_hd.o(.text)
    USB_LP_CAN1_RX0_IRQHandler               0x0800028f   Thumb Code     0  startup_stm32f10x_hd.o(.text)
    WWDG_IRQHandler                          0x0800028f   Thumb Code     0  startup_stm32f10x_hd.o(.text)
    __user_initial_stackheap                 0x08000291   Thumb Code     0  startup_stm32f10x_hd.o(.text)
    __I$use$semihosting                      0x080002b5   Thumb Code     0  use_no_semi.o(.text)
    __use_no_semihosting_swi                 0x080002b5   Thumb Code     2  use_no_semi.o(.text)
    __2printf                                0x080002b9   Thumb Code    20  noretval__2printf.o(.text)
    __2sprintf                               0x080002d1   Thumb Code    34  noretval__2sprintf.o(.text)
    _printf_str                              0x080002f9   Thumb Code    82  _printf_str.o(.text)
    _printf_int_dec                          0x0800034d   Thumb Code   104  _printf_dec.o(.text)
    __printf                                 0x080003c5   Thumb Code   184  __printf_ss.o(.text)
    strlen                                   0x0800047d   Thumb Code    62  strlen.o(.text)
    __aeabi_memcpy                           0x080004bb   Thumb Code     0  rt_memcpy_v6.o(.text)
    __rt_memcpy                              0x080004bb   Thumb Code   138  rt_memcpy_v6.o(.text)
    _memcpy_lastbytes                        0x08000521   Thumb Code     0  rt_memcpy_v6.o(.text)
    __aeabi_memcpy4                          0x08000545   Thumb Code     0  rt_memcpy_w.o(.text)
    __aeabi_memcpy8                          0x08000545   Thumb Code     0  rt_memcpy_w.o(.text)
    __rt_memcpy_w                            0x08000545   Thumb Code   100  rt_memcpy_w.o(.text)
    _memcpy_lastbytes_aligned                0x0800058d   Thumb Code     0  rt_memcpy_w.o(.text)
    __aeabi_memset                           0x080005a9   Thumb Code    16  aeabi_memset.o(.text)
    __aeabi_memclr4                          0x080005b9   Thumb Code     0  rt_memclr_w.o(.text)
    __aeabi_memclr8                          0x080005b9   Thumb Code     0  rt_memclr_w.o(.text)
    __rt_memclr_w                            0x080005b9   Thumb Code    78  rt_memclr_w.o(.text)
    _memset_w                                0x080005bd   Thumb Code     0  rt_memclr_w.o(.text)
    __use_two_region_memory                  0x08000607   Thumb Code     2  heapauxi.o(.text)
    __rt_heap_escrow$2region                 0x08000609   Thumb Code     2  heapauxi.o(.text)
    __rt_heap_expand$2region                 0x0800060b   Thumb Code     2  heapauxi.o(.text)
    _printf_int_common                       0x0800060d   Thumb Code   178  _printf_intcommon.o(.text)
    _printf_char_common                      0x080006cb   Thumb Code    32  _printf_char_common.o(.text)
    _sputc                                   0x080006f1   Thumb Code    10  _sputc.o(.text)
    _printf_cs_common                        0x080006fb   Thumb Code    20  _printf_char.o(.text)
    _printf_char                             0x0800070f   Thumb Code    16  _printf_char.o(.text)
    _printf_string                           0x0800071f   Thumb Code     8  _printf_char.o(.text)
    _printf_char_file                        0x08000729   Thumb Code    32  _printf_char_file.o(.text)
    __aeabi_memclr                           0x0800074d   Thumb Code     0  rt_memclr.o(.text)
    __rt_memclr                              0x0800074d   Thumb Code    68  rt_memclr.o(.text)
    _memset                                  0x08000751   Thumb Code     0  rt_memclr.o(.text)
    __user_setup_stackheap                   0x08000791   Thumb Code    74  sys_stackheap_outer.o(.text)
    exit                                     0x080007db   Thumb Code    18  exit.o(.text)
    __user_libspace                          0x080007ed   Thumb Code     8  libspace.o(.text)
    __user_perproc_libspace                  0x080007ed   Thumb Code     0  libspace.o(.text)
    __user_perthread_libspace                0x080007ed   Thumb Code     0  libspace.o(.text)
    BusFault_Handler                         0x080007f5   Thumb Code     4  stm32f10x_it.o(i.BusFault_Handler)
    DMA_ClearFlag                            0x08000ac5   Thumb Code    18  stm32f10x_dma.o(i.DMA_ClearFlag)
    DMA_Cmd                                  0x08000ae1   Thumb Code    24  stm32f10x_dma.o(i.DMA_Cmd)
    DMA_GetFlagStatus                        0x08000af9   Thumb Code    36  stm32f10x_dma.o(i.DMA_GetFlagStatus)
    DMA_Init                                 0x08000b25   Thumb Code    60  stm32f10x_dma.o(i.DMA_Init)
    Data_pack                                0x08000b61   Thumb Code    30  main.o(i.Data_pack)
    Data_transfer                            0x08000ba5   Thumb Code    30  main.o(i.Data_transfer)
    DebugMon_Handler                         0x08000be9   Thumb Code     2  stm32f10x_it.o(i.DebugMon_Handler)
    GPIO_Configure                           0x08000d89   Thumb Code    44  main.o(i.GPIO_Configure)
    GPIO_Init                                0x08000dbd   Thumb Code   278  stm32f10x_gpio.o(i.GPIO_Init)
    HardFault_Handler                        0x08000ed3   Thumb Code     4  stm32f10x_it.o(i.HardFault_Handler)
    MemManage_Handler                        0x08001075   Thumb Code     4  stm32f10x_it.o(i.MemManage_Handler)
    NMI_Handler                              0x08001079   Thumb Code     2  stm32f10x_it.o(i.NMI_Handler)
    RCC_AHBPeriphClockCmd                    0x0800107d   Thumb Code    26  stm32f10x_rcc.o(i.RCC_AHBPeriphClockCmd)
    RCC_APB2PeriphClockCmd                   0x0800109d   Thumb Code    26  stm32f10x_rcc.o(i.RCC_APB2PeriphClockCmd)
    RCC_GetClocksFreq                        0x080010bd   Thumb Code   192  stm32f10x_rcc.o(i.RCC_GetClocksFreq)
    SDIO_ClearFlag                           0x080012b5   Thumb Code     6  stm32f10x_sdio.o(i.SDIO_ClearFlag)
    SDIO_ClockCmd                            0x080012c1   Thumb Code     6  stm32f10x_sdio.o(i.SDIO_ClockCmd)
    SDIO_DMACmd                              0x080012cd   Thumb Code     6  stm32f10x_sdio.o(i.SDIO_DMACmd)
    SDIO_DataConfig                          0x080012d9   Thumb Code    42  stm32f10x_sdio.o(i.SDIO_DataConfig)
    SDIO_DeInit                              0x08001309   Thumb Code    28  stm32f10x_sdio.o(i.SDIO_DeInit)
    SDIO_GetCommandResponse                  0x0800132d   Thumb Code     8  stm32f10x_sdio.o(i.SDIO_GetCommandResponse)
    SDIO_GetFlagStatus                       0x08001339   Thumb Code    20  stm32f10x_sdio.o(i.SDIO_GetFlagStatus)
    SDIO_GetPowerState                       0x08001351   Thumb Code    10  stm32f10x_sdio.o(i.SDIO_GetPowerState)
    SDIO_GetResponse                         0x08001361   Thumb Code    20  stm32f10x_sdio.o(i.SDIO_GetResponse)
    SDIO_ITConfig                            0x08001379   Thumb Code    26  stm32f10x_sdio.o(i.SDIO_ITConfig)
    SDIO_Init                                0x08001399   Thumb Code    42  stm32f10x_sdio.o(i.SDIO_Init)
    SDIO_ReadData                            0x080013c9   Thumb Code     6  stm32f10x_sdio.o(i.SDIO_ReadData)
    SDIO_SendCommand                         0x080013d5   Thumb Code    38  stm32f10x_sdio.o(i.SDIO_SendCommand)
    SDIO_SetPowerState                       0x08001401   Thumb Code    22  stm32f10x_sdio.o(i.SDIO_SetPowerState)
    SDIO_WriteData                           0x0800141d   Thumb Code     6  stm32f10x_sdio.o(i.SDIO_WriteData)
    SD_DMAEndOfTransferStatus                0x08001429   Thumb Code    10  stm3210e_eval.o(i.SD_DMAEndOfTransferStatus)
    SD_EnableWideBusOperation                0x08001439   Thumb Code   144  stm32_eval_sdio_sd.o(i.SD_EnableWideBusOperation)
    SD_GetCardInfo                           0x080014d1   Thumb Code   700  stm32_eval_sdio_sd.o(i.SD_GetCardInfo)
    SD_Init                                  0x0800179d   Thumb Code   124  stm32_eval_sdio_sd.o(i.SD_Init)
    SD_InitializeCards                       0x08001821   Thumb Code   300  stm32_eval_sdio_sd.o(i.SD_InitializeCards)
    SD_LowLevel_DMA_RxConfig                 0x08001961   Thumb Code    86  stm3210e_eval.o(i.SD_LowLevel_DMA_RxConfig)
    SD_LowLevel_DMA_TxConfig                 0x080019c5   Thumb Code    86  stm3210e_eval.o(i.SD_LowLevel_DMA_TxConfig)
    SD_LowLevel_Init                         0x08001a29   Thumb Code    92  stm3210e_eval.o(i.SD_LowLevel_Init)
    SD_PowerON                               0x08001a91   Thumb Code   384  stm32_eval_sdio_sd.o(i.SD_PowerON)
    SD_ReadBlock                             0x08001c21   Thumb Code   592  stm32_eval_sdio_sd.o(i.SD_ReadBlock)
    SD_ReadMultiBlocks                       0x08001e9d   Thumb Code   712  stm32_eval_sdio_sd.o(i.SD_ReadMultiBlocks)
    SD_SelectDeselect                        0x08002191   Thumb Code    48  stm32_eval_sdio_sd.o(i.SD_SelectDeselect)
    SD_SetDeviceMode                         0x080021c5   Thumb Code    24  stm32_eval_sdio_sd.o(i.SD_SetDeviceMode)
    SD_WriteBlock                            0x080021e1   Thumb Code   828  stm32_eval_sdio_sd.o(i.SD_WriteBlock)
    SD_WriteMultiBlocks                      0x0800254d   Thumb Code   992  stm32_eval_sdio_sd.o(i.SD_WriteMultiBlocks)
    SendChar                                 0x0800295d   Thumb Code    30  main.o(i.SendChar)
    SystemInit                               0x08002a69   Thumb Code    78  system_stm32f10x.o(i.SystemInit)
    TIM2_IRQHandler                          0x08002ac9   Thumb Code    12  main.o(i.TIM2_IRQHandler)
    USART_Cmd                                0x08002ad9   Thumb Code    24  stm32f10x_usart.o(i.USART_Cmd)
    USART_Configure                          0x08002af1   Thumb Code    70  main.o(i.USART_Configure)
    USART_GetFlagStatus                      0x08002b45   Thumb Code    26  stm32f10x_usart.o(i.USART_GetFlagStatus)
    USART_ITConfig                           0x08002b5f   Thumb Code    74  stm32f10x_usart.o(i.USART_ITConfig)
    USART_Init                               0x08002ba9   Thumb Code   210  stm32f10x_usart.o(i.USART_Init)
    USART_SendData                           0x08002c81   Thumb Code     8  stm32f10x_usart.o(i.USART_SendData)
    UsageFault_Handler                       0x08002c89   Thumb Code     4  stm32f10x_it.o(i.UsageFault_Handler)
    _sys_exit                                0x08002c8d   Thumb Code     4  retarget.o(i._sys_exit)
    chk_mounted                              0x08002d35   Thumb Code   726  ff.o(i.chk_mounted)
    clust2sect                               0x0800301d   Thumb Code    26  ff.o(i.clust2sect)
    data_read                                0x0800324d   Thumb Code    90  main.o(i.data_read)
    data_write                               0x08003311   Thumb Code   142  main.o(i.data_write)
    disk_initialize                          0x08003729   Thumb Code    26  diskio.o(i.disk_initialize)
    disk_ioctl                               0x08003755   Thumb Code     6  diskio.o(i.disk_ioctl)
    disk_read                                0x0800375b   Thumb Code    74  diskio.o(i.disk_read)
    disk_status                              0x080037a5   Thumb Code    20  diskio.o(i.disk_status)
    disk_write                               0x080037cd   Thumb Code    74  diskio.o(i.disk_write)
    f_close                                  0x08003817   Thumb Code    22  ff.o(i.f_close)
    f_lseek                                  0x0800382d   Thumb Code   448  ff.o(i.f_lseek)
    f_mount                                  0x080039ed   Thumb Code    38  ff.o(i.f_mount)
    f_open                                   0x08003a19   Thumb Code   396  ff.o(i.f_open)
    f_opendir                                0x08003ba5   Thumb Code   104  ff.o(i.f_opendir)
    f_read                                   0x08003c0d   Thumb Code   466  ff.o(i.f_read)
    f_readdir                                0x08003ddf   Thumb Code    88  ff.o(i.f_readdir)
    f_sync                                   0x08003e37   Thumb Code   184  ff.o(i.f_sync)
    f_unlink                                 0x08003eef   Thumb Code   186  ff.o(i.f_unlink)
    f_write                                  0x08003fa9   Thumb Code   528  ff.o(i.f_write)
    ferror                                   0x080041b9   Thumb Code     8  retarget.o(i.ferror)
    fputc                                    0x08004267   Thumb Code    14  retarget.o(i.fputc)
    get_fat                                  0x08004275   Thumb Code   274  ff.o(i.get_fat)
    get_fattime                              0x08004387   Thumb Code     4  diskio.o(i.get_fattime)
    main                                     0x08004425   Thumb Code   320  main.o(i.main)
    main_FreeRTos                            0x08004695   Thumb Code   150  main.o(i.main_FreeRTos)
    put_fat                                  0x0800519b   Thumb Code   326  ff.o(i.put_fat)
    pvPortMalloc                             0x080052e1   Thumb Code   166  heap_2.o(i.pvPortMalloc)
    pxPortInitialiseStack                    0x08005399   Thumb Code    30  port.o(i.pxPortInitialiseStack)
    test1Timer_HandleCallback                0x080054f1   Thumb Code    14  main.o(i.test1Timer_HandleCallback)
    uxListRemove                             0x08005519   Thumb Code    40  list.o(i.uxListRemove)
    vListInitialise                          0x08005541   Thumb Code    26  list.o(i.vListInitialise)
    vListInitialiseItem                      0x0800555b   Thumb Code     6  list.o(i.vListInitialiseItem)
    vListInsert                              0x08005561   Thumb Code    52  list.o(i.vListInsert)
    vListInsertEnd                           0x08005595   Thumb Code    24  list.o(i.vListInsertEnd)
    vPortEnterCritical                       0x080055ad   Thumb Code    30  port.o(i.vPortEnterCritical)
    vPortExitCritical                        0x080055d1   Thumb Code    28  port.o(i.vPortExitCritical)
    vPortFree                                0x080055f1   Thumb Code    56  heap_2.o(i.vPortFree)
    vPortSetupTimerInterrupt                 0x08005631   Thumb Code    20  port.o(i.vPortSetupTimerInterrupt)
    vQueueWaitForMessageRestricted           0x08005649   Thumb Code    74  queue.o(i.vQueueWaitForMessageRestricted)
    vTaskDelay                               0x08005695   Thumb Code    46  tasks.o(i.vTaskDelay)
    vTaskInternalSetTimeOutState             0x080056c9   Thumb Code    14  tasks.o(i.vTaskInternalSetTimeOutState)
    vTaskMissedYield                         0x080056e1   Thumb Code     8  tasks.o(i.vTaskMissedYield)
    vTaskPlaceOnEventList                    0x080056ed   Thumb Code    28  tasks.o(i.vTaskPlaceOnEventList)
    vTaskPlaceOnEventListRestricted          0x0800570d   Thumb Code    36  tasks.o(i.vTaskPlaceOnEventListRestricted)
    vTaskStartScheduler                      0x08005735   Thumb Code    82  tasks.o(i.vTaskStartScheduler)
    vTaskSuspendAll                          0x080057a5   Thumb Code    12  tasks.o(i.vTaskSuspendAll)
    vTaskSwitchContext                       0x080057b5   Thumb Code    76  tasks.o(i.vTaskSwitchContext)
    xPortStartScheduler                      0x08005841   Thumb Code    42  port.o(i.xPortStartScheduler)
    xPortSysTickHandler                      0x08005875   Thumb Code    46  port.o(i.xPortSysTickHandler)
    xQueueGenericCreate                      0x080058a9   Thumb Code    58  queue.o(i.xQueueGenericCreate)
    xQueueGenericReset                       0x080058e5   Thumb Code   122  queue.o(i.xQueueGenericReset)
    xQueueGenericSend                        0x08005965   Thumb Code   276  queue.o(i.xQueueGenericSend)
    xQueueGenericSendFromISR                 0x08005a7d   Thumb Code   134  queue.o(i.xQueueGenericSendFromISR)
    xQueueReceive                            0x08005b05   Thumb Code   256  queue.o(i.xQueueReceive)
    xTaskCheckForTimeOut                     0x08005c09   Thumb Code    84  tasks.o(i.xTaskCheckForTimeOut)
    xTaskCreate                              0x08005c65   Thumb Code    96  tasks.o(i.xTaskCreate)
    xTaskGetSchedulerState                   0x08005cc5   Thumb Code    24  tasks.o(i.xTaskGetSchedulerState)
    xTaskGetTickCount                        0x08005ce5   Thumb Code     6  tasks.o(i.xTaskGetTickCount)
    xTaskIncrementTick                       0x08005cf1   Thumb Code   238  tasks.o(i.xTaskIncrementTick)
    xTaskRemoveFromEventList                 0x08005e0d   Thumb Code   104  tasks.o(i.xTaskRemoveFromEventList)
    xTaskResumeAll                           0x08005e8d   Thumb Code   196  tasks.o(i.xTaskResumeAll)
    xTimerCreate                             0x08005f75   Thumb Code    54  timers.o(i.xTimerCreate)
    xTimerCreateTimerTask                    0x08005fad   Thumb Code    40  timers.o(i.xTimerCreateTimerTask)
    xTimerGenericCommand                     0x08005fe9   Thumb Code   102  timers.o(i.xTimerGenericCommand)
    Region$$Table$$Base                      0x080060ac   Number         0  anon$$obj.o(Region$$Table)
    Region$$Table$$Limit                     0x080060cc   Number         0  anon$$obj.o(Region$$Table)
    GPIO_InitStructure                       0x20000014   Data           4  main.o(.data)
    data_pack_task                           0x20000024   Data           4  main.o(.data)
    data_transfer_task                       0x20000028   Data           4  main.o(.data)
    test1Timer_Handle                        0x2000002c   Data           4  main.o(.data)
    br                                       0x20000030   Data           4  main.o(.data)
    bw                                       0x20000034   Data           4  main.o(.data)
    res                                      0x20000038   Data           1  main.o(.data)
    tom_size                                 0x2000003c   Data           4  main.o(.data)
    __stdout                                 0x20000048   Data           4  retarget.o(.data)
    __stdin                                  0x2000004c   Data           4  retarget.o(.data)
    pxCurrentTCB                             0x20000050   Data           4  tasks.o(.data)
    SrcBuffer                                0x200000d0   Data           4  stm32_eval_sdio_sd.o(.data)
    DestBuffer                               0x200000d4   Data           4  stm32_eval_sdio_sd.o(.data)
    TransferError                            0x200000d8   Data           1  stm32_eval_sdio_sd.o(.data)
    TransferEnd                              0x200000dc   Data           4  stm32_eval_sdio_sd.o(.data)
    NumberOfBytes                            0x200000e0   Data           4  stm32_eval_sdio_sd.o(.data)
    USART_InitStructure                      0x200000ec   Data          16  main.o(.bss)
    fs                                       0x200000fc   Data         560  main.o(.bss)
    fsrc                                     0x2000032c   Data         548  main.o(.bss)
    fdst                                     0x20000550   Data         548  main.o(.bss)
    buffer                                   0x20000774   Data         512  main.o(.bss)
    r_buf                                    0x20000974   Data         128  main.o(.bss)
    tom_fs                                   0x200009f4   Data         560  main.o(.bss)
    SDCardInfo                               0x20005134   Data          80  stm32_eval_sdio_sd.o(.bss)
    SDIO_InitStructure                       0x20005184   Data          24  stm32_eval_sdio_sd.o(.bss)
    SDIO_CmdInitStructure                    0x2000519c   Data          20  stm32_eval_sdio_sd.o(.bss)
    SDIO_DataInitStructure                   0x200051b0   Data          24  stm32_eval_sdio_sd.o(.bss)
    __libspace_start                         0x200051c8   Data          96  libspace.o(.bss)
    __temporary_stack_top$libspace           0x20005228   Data           0  libspace.o(.bss)



==============================================================================

Memory Map of the image

  Image Entry point : 0x08000131

  Load Region LR_IROM1 (Base: 0x08000000, Size: 0x000061b8, Max: 0x00040000, ABSOLUTE)

    Execution Region ER_IROM1 (Base: 0x08000000, Size: 0x000060cc, Max: 0x00040000, ABSOLUTE)

    Base Addr    Size         Type   Attr      Idx    E Section Name        Object

    0x08000000   0x00000130   Data   RO          132    RESET               startup_stm32f10x_hd.o
    0x08000130   0x00000008   Code   RO         4877  * !!!main             c_w.l(__main.o)
    0x08000138   0x00000034   Code   RO         5043    !!!scatter          c_w.l(__scatter.o)
    0x0800016c   0x0000001a   Code   RO         5045    !!handler_copy      c_w.l(__scatter_copy.o)
    0x08000186   0x00000002   PAD
    0x08000188   0x0000001c   Code   RO         5047    !!handler_zi        c_w.l(__scatter_zi.o)
    0x080001a4   0x00000000   Code   RO         4864    .ARM.Collect$$_printf_percent$$00000000  c_w.l(_printf_percent.o)
    0x080001a4   0x00000006   Code   RO         4863    .ARM.Collect$$_printf_percent$$00000009  c_w.l(_printf_d.o)
    0x080001aa   0x00000006   Code   RO         4862    .ARM.Collect$$_printf_percent$$00000014  c_w.l(_printf_s.o)
    0x080001b0   0x00000004   Code   RO         4890    .ARM.Collect$$_printf_percent$$00000017  c_w.l(_printf_percent_end.o)
    0x080001b4   0x00000002   Code   RO         4919    .ARM.Collect$$libinit$$00000000  c_w.l(libinit.o)
    0x080001b6   0x00000000   Code   RO         4926    .ARM.Collect$$libinit$$00000002  c_w.l(libinit2.o)
    0x080001b6   0x00000000   Code   RO         4928    .ARM.Collect$$libinit$$00000004  c_w.l(libinit2.o)
    0x080001b6   0x00000000   Code   RO         4931    .ARM.Collect$$libinit$$0000000A  c_w.l(libinit2.o)
    0x080001b6   0x00000000   Code   RO         4933    .ARM.Collect$$libinit$$0000000C  c_w.l(libinit2.o)
    0x080001b6   0x00000000   Code   RO         4935    .ARM.Collect$$libinit$$0000000E  c_w.l(libinit2.o)
    0x080001b6   0x00000000   Code   RO         4938    .ARM.Collect$$libinit$$00000011  c_w.l(libinit2.o)
    0x080001b6   0x00000000   Code   RO         4940    .ARM.Collect$$libinit$$00000013  c_w.l(libinit2.o)
    0x080001b6   0x00000000   Code   RO         4942    .ARM.Collect$$libinit$$00000015  c_w.l(libinit2.o)
    0x080001b6   0x00000000   Code   RO         4944    .ARM.Collect$$libinit$$00000017  c_w.l(libinit2.o)
    0x080001b6   0x00000000   Code   RO         4946    .ARM.Collect$$libinit$$00000019  c_w.l(libinit2.o)
    0x080001b6   0x00000000   Code   RO         4948    .ARM.Collect$$libinit$$0000001B  c_w.l(libinit2.o)
    0x080001b6   0x00000000   Code   RO         4950    .ARM.Collect$$libinit$$0000001D  c_w.l(libinit2.o)
    0x080001b6   0x00000000   Code   RO         4952    .ARM.Collect$$libinit$$0000001F  c_w.l(libinit2.o)
    0x080001b6   0x00000000   Code   RO         4954    .ARM.Collect$$libinit$$00000021  c_w.l(libinit2.o)
    0x080001b6   0x00000000   Code   RO         4956    .ARM.Collect$$libinit$$00000023  c_w.l(libinit2.o)
    0x080001b6   0x00000000   Code   RO         4958    .ARM.Collect$$libinit$$00000025  c_w.l(libinit2.o)
    0x080001b6   0x00000000   Code   RO         4962    .ARM.Collect$$libinit$$0000002C  c_w.l(libinit2.o)
    0x080001b6   0x00000000   Code   RO         4964    .ARM.Collect$$libinit$$0000002E  c_w.l(libinit2.o)
    0x080001b6   0x00000000   Code   RO         4966    .ARM.Collect$$libinit$$00000030  c_w.l(libinit2.o)
    0x080001b6   0x00000000   Code   RO         4968    .ARM.Collect$$libinit$$00000032  c_w.l(libinit2.o)
    0x080001b6   0x00000002   Code   RO         4969    .ARM.Collect$$libinit$$00000033  c_w.l(libinit2.o)
    0x080001b8   0x00000002   Code   RO         4987    .ARM.Collect$$libshutdown$$00000000  c_w.l(libshutdown.o)
    0x080001ba   0x00000000   Code   RO         4997    .ARM.Collect$$libshutdown$$00000002  c_w.l(libshutdown2.o)
    0x080001ba   0x00000000   Code   RO         4999    .ARM.Collect$$libshutdown$$00000004  c_w.l(libshutdown2.o)
    0x080001ba   0x00000000   Code   RO         5002    .ARM.Collect$$libshutdown$$00000007  c_w.l(libshutdown2.o)
    0x080001ba   0x00000000   Code   RO         5005    .ARM.Collect$$libshutdown$$0000000A  c_w.l(libshutdown2.o)
    0x080001ba   0x00000000   Code   RO         5007    .ARM.Collect$$libshutdown$$0000000C  c_w.l(libshutdown2.o)
    0x080001ba   0x00000000   Code   RO         5010    .ARM.Collect$$libshutdown$$0000000F  c_w.l(libshutdown2.o)
    0x080001ba   0x00000002   Code   RO         5011    .ARM.Collect$$libshutdown$$00000010  c_w.l(libshutdown2.o)
    0x080001bc   0x00000000   Code   RO         4879    .ARM.Collect$$rtentry$$00000000  c_w.l(__rtentry.o)
    0x080001bc   0x00000000   Code   RO         4894    .ARM.Collect$$rtentry$$00000002  c_w.l(__rtentry2.o)
    0x080001bc   0x00000006   Code   RO         4906    .ARM.Collect$$rtentry$$00000004  c_w.l(__rtentry4.o)
    0x080001c2   0x00000000   Code   RO         4896    .ARM.Collect$$rtentry$$00000009  c_w.l(__rtentry2.o)
    0x080001c2   0x00000004   Code   RO         4897    .ARM.Collect$$rtentry$$0000000A  c_w.l(__rtentry2.o)
    0x080001c6   0x00000000   Code   RO         4899    .ARM.Collect$$rtentry$$0000000C  c_w.l(__rtentry2.o)
    0x080001c6   0x00000008   Code   RO         4900    .ARM.Collect$$rtentry$$0000000D  c_w.l(__rtentry2.o)
    0x080001ce   0x00000002   Code   RO         4923    .ARM.Collect$$rtexit$$00000000  c_w.l(rtexit.o)
    0x080001d0   0x00000000   Code   RO         4971    .ARM.Collect$$rtexit$$00000002  c_w.l(rtexit2.o)
    0x080001d0   0x00000004   Code   RO         4972    .ARM.Collect$$rtexit$$00000003  c_w.l(rtexit2.o)
    0x080001d4   0x00000006   Code   RO         4973    .ARM.Collect$$rtexit$$00000004  c_w.l(rtexit2.o)
    0x080001da   0x00000002   PAD
    0x080001dc   0x00000096   Code   RO         4141    .emb_text           port.o
    0x08000272   0x00000002   PAD
    0x08000274   0x00000040   Code   RO          133    .text               startup_stm32f10x_hd.o
    0x080002b4   0x00000002   Code   RO         4826    .text               c_w.l(use_no_semi.o)
    0x080002b6   0x00000002   PAD
    0x080002b8   0x00000018   Code   RO         4832    .text               c_w.l(noretval__2printf.o)
    0x080002d0   0x00000028   Code   RO         4834    .text               c_w.l(noretval__2sprintf.o)
    0x080002f8   0x00000052   Code   RO         4838    .text               c_w.l(_printf_str.o)
    0x0800034a   0x00000002   PAD
    0x0800034c   0x00000078   Code   RO         4840    .text               c_w.l(_printf_dec.o)
    0x080003c4   0x000000b8   Code   RO         4845    .text               c_w.l(__printf_ss.o)
    0x0800047c   0x0000003e   Code   RO         4865    .text               c_w.l(strlen.o)
    0x080004ba   0x0000008a   Code   RO         4867    .text               c_w.l(rt_memcpy_v6.o)
    0x08000544   0x00000064   Code   RO         4869    .text               c_w.l(rt_memcpy_w.o)
    0x080005a8   0x00000010   Code   RO         4871    .text               c_w.l(aeabi_memset.o)
    0x080005b8   0x0000004e   Code   RO         4873    .text               c_w.l(rt_memclr_w.o)
    0x08000606   0x00000006   Code   RO         4875    .text               c_w.l(heapauxi.o)
    0x0800060c   0x000000b2   Code   RO         4880    .text               c_w.l(_printf_intcommon.o)
    0x080006be   0x00000002   PAD
    0x080006c0   0x00000030   Code   RO         4882    .text               c_w.l(_printf_char_common.o)
    0x080006f0   0x0000000a   Code   RO         4884    .text               c_w.l(_sputc.o)
    0x080006fa   0x0000002c   Code   RO         4886    .text               c_w.l(_printf_char.o)
    0x08000726   0x00000002   PAD
    0x08000728   0x00000024   Code   RO         4888    .text               c_w.l(_printf_char_file.o)
    0x0800074c   0x00000044   Code   RO         4891    .text               c_w.l(rt_memclr.o)
    0x08000790   0x0000004a   Code   RO         4910    .text               c_w.l(sys_stackheap_outer.o)
    0x080007da   0x00000012   Code   RO         4912    .text               c_w.l(exit.o)
    0x080007ec   0x00000008   Code   RO         4920    .text               c_w.l(libspace.o)
    0x080007f4   0x00000004   Code   RO         3316    i.BusFault_Handler  stm32f10x_it.o
    0x080007f8   0x0000002c   Code   RO         4218    i.CmdError          stm32_eval_sdio_sd.o
    0x08000824   0x00000134   Code   RO         4219    i.CmdResp1Error     stm32_eval_sdio_sd.o
    0x08000958   0x0000004c   Code   RO         4220    i.CmdResp2Error     stm32_eval_sdio_sd.o
    0x080009a4   0x00000038   Code   RO         4221    i.CmdResp3Error     stm32_eval_sdio_sd.o
    0x080009dc   0x0000009c   Code   RO         4222    i.CmdResp6Error     stm32_eval_sdio_sd.o
    0x08000a78   0x0000004c   Code   RO         4223    i.CmdResp7Error     stm32_eval_sdio_sd.o
    0x08000ac4   0x0000001c   Code   RO          885    i.DMA_ClearFlag     stm32f10x_dma.o
    0x08000ae0   0x00000018   Code   RO          887    i.DMA_Cmd           stm32f10x_dma.o
    0x08000af8   0x0000002c   Code   RO          890    i.DMA_GetFlagStatus  stm32f10x_dma.o
    0x08000b24   0x0000003c   Code   RO          893    i.DMA_Init          stm32f10x_dma.o
    0x08000b60   0x00000044   Code   RO         3128    i.Data_pack         main.o
    0x08000ba4   0x00000044   Code   RO         3129    i.Data_transfer     main.o
    0x08000be8   0x00000002   Code   RO         3317    i.DebugMon_Handler  stm32f10x_it.o
    0x08000bea   0x00000002   PAD
    0x08000bec   0x0000019c   Code   RO         4224    i.FindSCR           stm32_eval_sdio_sd.o
    0x08000d88   0x00000034   Code   RO         3131    i.GPIO_Configure    main.o
    0x08000dbc   0x00000116   Code   RO         1311    i.GPIO_Init         stm32f10x_gpio.o
    0x08000ed2   0x00000004   Code   RO         3318    i.HardFault_Handler  stm32f10x_it.o
    0x08000ed6   0x00000002   PAD
    0x08000ed8   0x0000019c   Code   RO         4225    i.IsCardProgramming  stm32_eval_sdio_sd.o
    0x08001074   0x00000004   Code   RO         3319    i.MemManage_Handler  stm32f10x_it.o
    0x08001078   0x00000002   Code   RO         3320    i.NMI_Handler       stm32f10x_it.o
    0x0800107a   0x00000002   PAD
    0x0800107c   0x00000020   Code   RO         1726    i.RCC_AHBPeriphClockCmd  stm32f10x_rcc.o
    0x0800109c   0x00000020   Code   RO         1729    i.RCC_APB2PeriphClockCmd  stm32f10x_rcc.o
    0x080010bc   0x000000d4   Code   RO         1737    i.RCC_GetClocksFreq  stm32f10x_rcc.o
    0x08001190   0x00000124   Code   RO         4226    i.SDEnWideBus       stm32_eval_sdio_sd.o
    0x080012b4   0x0000000c   Code   RO         2016    i.SDIO_ClearFlag    stm32f10x_sdio.o
    0x080012c0   0x0000000c   Code   RO         2018    i.SDIO_ClockCmd     stm32f10x_sdio.o
    0x080012cc   0x0000000c   Code   RO         2021    i.SDIO_DMACmd       stm32f10x_sdio.o
    0x080012d8   0x00000030   Code   RO         2022    i.SDIO_DataConfig   stm32f10x_sdio.o
    0x08001308   0x00000024   Code   RO         2024    i.SDIO_DeInit       stm32f10x_sdio.o
    0x0800132c   0x0000000c   Code   RO         2025    i.SDIO_GetCommandResponse  stm32f10x_sdio.o
    0x08001338   0x00000018   Code   RO         2028    i.SDIO_GetFlagStatus  stm32f10x_sdio.o
    0x08001350   0x00000010   Code   RO         2030    i.SDIO_GetPowerState  stm32f10x_sdio.o
    0x08001360   0x00000018   Code   RO         2031    i.SDIO_GetResponse  stm32f10x_sdio.o
    0x08001378   0x00000020   Code   RO         2032    i.SDIO_ITConfig     stm32f10x_sdio.o
    0x08001398   0x00000030   Code   RO         2033    i.SDIO_Init         stm32f10x_sdio.o
    0x080013c8   0x0000000c   Code   RO         2034    i.SDIO_ReadData     stm32f10x_sdio.o
    0x080013d4   0x0000002c   Code   RO         2036    i.SDIO_SendCommand  stm32f10x_sdio.o
    0x08001400   0x0000001c   Code   RO         2038    i.SDIO_SetPowerState  stm32f10x_sdio.o
    0x0800141c   0x0000000c   Code   RO         2044    i.SDIO_WriteData    stm32f10x_sdio.o
    0x08001428   0x00000010   Code   RO         4421    i.SD_DMAEndOfTransferStatus  stm3210e_eval.o
    0x08001438   0x00000098   Code   RO         4229    i.SD_EnableWideBusOperation  stm32_eval_sdio_sd.o
    0x080014d0   0x000002cc   Code   RO         4231    i.SD_GetCardInfo    stm32_eval_sdio_sd.o
    0x0800179c   0x00000084   Code   RO         4235    i.SD_Init           stm32_eval_sdio_sd.o
    0x08001820   0x00000140   Code   RO         4236    i.SD_InitializeCards  stm32_eval_sdio_sd.o
    0x08001960   0x00000064   Code   RO         4422    i.SD_LowLevel_DMA_RxConfig  stm3210e_eval.o
    0x080019c4   0x00000064   Code   RO         4423    i.SD_LowLevel_DMA_TxConfig  stm3210e_eval.o
    0x08001a28   0x00000068   Code   RO         4425    i.SD_LowLevel_Init  stm3210e_eval.o
    0x08001a90   0x00000190   Code   RO         4238    i.SD_PowerON        stm32_eval_sdio_sd.o
    0x08001c20   0x0000027c   Code   RO         4240    i.SD_ReadBlock      stm32_eval_sdio_sd.o
    0x08001e9c   0x000002f4   Code   RO         4241    i.SD_ReadMultiBlocks  stm32_eval_sdio_sd.o
    0x08002190   0x00000034   Code   RO         4242    i.SD_SelectDeselect  stm32_eval_sdio_sd.o
    0x080021c4   0x0000001c   Code   RO         4245    i.SD_SetDeviceMode  stm32_eval_sdio_sd.o
    0x080021e0   0x0000036c   Code   RO         4247    i.SD_WriteBlock     stm32_eval_sdio_sd.o
    0x0800254c   0x00000410   Code   RO         4248    i.SD_WriteMultiBlocks  stm32_eval_sdio_sd.o
    0x0800295c   0x00000024   Code   RO         3136    i.SendChar          main.o
    0x08002980   0x00000008   Code   RO           17    i.SetSysClock       system_stm32f10x.o
    0x08002988   0x000000e0   Code   RO           18    i.SetSysClockTo72   system_stm32f10x.o
    0x08002a68   0x00000060   Code   RO           20    i.SystemInit        system_stm32f10x.o
    0x08002ac8   0x00000010   Code   RO         3137    i.TIM2_IRQHandler   main.o
    0x08002ad8   0x00000018   Code   RO         2897    i.USART_Cmd         stm32f10x_usart.o
    0x08002af0   0x00000054   Code   RO         3140    i.USART_Configure   main.o
    0x08002b44   0x0000001a   Code   RO         2900    i.USART_GetFlagStatus  stm32f10x_usart.o
    0x08002b5e   0x0000004a   Code   RO         2903    i.USART_ITConfig    stm32f10x_usart.o
    0x08002ba8   0x000000d8   Code   RO         2904    i.USART_Init        stm32f10x_usart.o
    0x08002c80   0x00000008   Code   RO         2914    i.USART_SendData    stm32f10x_usart.o
    0x08002c88   0x00000004   Code   RO         3324    i.UsageFault_Handler  stm32f10x_it.o
    0x08002c8c   0x00000004   Code   RO         3379    i._sys_exit         retarget.o
    0x08002c90   0x00000090   Code   RO         4582    i.check_fs          ff.o
    0x08002d20   0x00000014   Code   RO         4583    i.chk_chr           ff.o
    0x08002d34   0x000002e8   Code   RO         4584    i.chk_mounted       ff.o
    0x0800301c   0x0000001a   Code   RO         4585    i.clust2sect        ff.o
    0x08003036   0x00000012   Code   RO         4249    i.convert_from_bytes_to_power_of_two  stm32_eval_sdio_sd.o
    0x08003048   0x000000b6   Code   RO         4586    i.create_chain      ff.o
    0x080030fe   0x00000002   PAD
    0x08003100   0x0000014c   Code   RO         4587    i.create_name       ff.o
    0x0800324c   0x000000c4   Code   RO         3141    i.data_read         main.o
    0x08003310   0x00000110   Code   RO         3142    i.data_write        main.o
    0x08003420   0x0000005c   Code   RO         4588    i.dir_find          ff.o
    0x0800347c   0x00000116   Code   RO         4589    i.dir_next          ff.o
    0x08003592   0x00000056   Code   RO         4590    i.dir_read          ff.o
    0x080035e8   0x00000078   Code   RO         4591    i.dir_register      ff.o
    0x08003660   0x0000002c   Code   RO         4592    i.dir_remove        ff.o
    0x0800368c   0x0000009c   Code   RO         4593    i.dir_seek          ff.o
    0x08003728   0x0000002c   Code   RO         4528    i.disk_initialize   diskio.o
    0x08003754   0x00000006   Code   RO         4529    i.disk_ioctl        diskio.o
    0x0800375a   0x0000004a   Code   RO         4530    i.disk_read         diskio.o
    0x080037a4   0x00000028   Code   RO         4531    i.disk_status       diskio.o
    0x080037cc   0x0000004a   Code   RO         4532    i.disk_write        diskio.o
    0x08003816   0x00000016   Code   RO         4595    i.f_close           ff.o
    0x0800382c   0x000001c0   Code   RO         4597    i.f_lseek           ff.o
    0x080039ec   0x0000002c   Code   RO         4600    i.f_mount           ff.o
    0x08003a18   0x0000018c   Code   RO         4601    i.f_open            ff.o
    0x08003ba4   0x00000068   Code   RO         4602    i.f_opendir         ff.o
    0x08003c0c   0x000001d2   Code   RO         4603    i.f_read            ff.o
    0x08003dde   0x00000058   Code   RO         4604    i.f_readdir         ff.o
    0x08003e36   0x000000b8   Code   RO         4607    i.f_sync            ff.o
    0x08003eee   0x000000ba   Code   RO         4609    i.f_unlink          ff.o
    0x08003fa8   0x00000210   Code   RO         4611    i.f_write           ff.o
    0x080041b8   0x00000008   Code   RO         3381    i.ferror            retarget.o
    0x080041c0   0x000000a6   Code   RO         4612    i.follow_path       ff.o
    0x08004266   0x0000000e   Code   RO         3383    i.fputc             retarget.o
    0x08004274   0x00000112   Code   RO         4613    i.get_fat           ff.o
    0x08004386   0x00000004   Code   RO         4533    i.get_fattime       diskio.o
    0x0800438a   0x00000098   Code   RO         4614    i.get_fileinfo      ff.o
    0x08004422   0x00000002   PAD
    0x08004424   0x00000270   Code   RO         3144    i.main              main.o
    0x08004694   0x000001dc   Code   RO         3145    i.main_FreeRTos     main.o
    0x08004870   0x00000026   Code   RO         4615    i.mem_cmp           ff.o
    0x08004896   0x0000001a   Code   RO         4616    i.mem_cpy           ff.o
    0x080048b0   0x00000014   Code   RO         4617    i.mem_set           ff.o
    0x080048c4   0x00000072   Code   RO         4618    i.move_window       ff.o
    0x08004936   0x00000002   PAD
    0x08004938   0x00000098   Code   RO         3662    i.prvAddCurrentTaskToDelayedList  tasks.o
    0x080049d0   0x000000b4   Code   RO         3663    i.prvAddNewTaskToReadyList  tasks.o
    0x08004a84   0x0000004c   Code   RO         3976    i.prvCheckForValidListAndQueue  timers.o
    0x08004ad0   0x00000048   Code   RO         3664    i.prvCheckTasksWaitingTermination  tasks.o
    0x08004b18   0x0000002a   Code   RO         3504    i.prvCopyDataFromQueue  queue.o
    0x08004b42   0x0000006a   Code   RO         3505    i.prvCopyDataToQueue  queue.o
    0x08004bac   0x00000012   Code   RO         3665    i.prvDeleteTCB      tasks.o
    0x08004bbe   0x00000002   PAD
    0x08004bc0   0x00000028   Code   RO         3977    i.prvGetNextExpireTime  timers.o
    0x08004be8   0x00000038   Code   RO         4103    i.prvHeapInit       heap_2.o
    0x08004c20   0x00000028   Code   RO         3666    i.prvIdleTask       tasks.o
    0x08004c48   0x00000026   Code   RO         3506    i.prvInitialiseNewQueue  queue.o
    0x08004c6e   0x00000098   Code   RO         3667    i.prvInitialiseNewTask  tasks.o
    0x08004d06   0x0000003a   Code   RO         3978    i.prvInitialiseNewTimer  timers.o
    0x08004d40   0x00000068   Code   RO         3668    i.prvInitialiseTaskLists  tasks.o
    0x08004da8   0x00000058   Code   RO         3979    i.prvInsertTimerInActiveList  timers.o
    0x08004e00   0x0000001a   Code   RO         3507    i.prvIsQueueEmpty   queue.o
    0x08004e1a   0x0000001e   Code   RO         3508    i.prvIsQueueFull    queue.o
    0x08004e38   0x0000005c   Code   RO         3980    i.prvProcessExpiredTimer  timers.o
    0x08004e94   0x000000fc   Code   RO         3981    i.prvProcessReceivedCommands  timers.o
    0x08004f90   0x00000074   Code   RO         3982    i.prvProcessTimerOrBlockTask  timers.o
    0x08005004   0x00000034   Code   RO         3669    i.prvResetNextTaskUnblockTime  tasks.o
    0x08005038   0x0000002c   Code   RO         3983    i.prvSampleTimeNow  timers.o
    0x08005064   0x00000088   Code   RO         3984    i.prvSwitchTimerLists  timers.o
    0x080050ec   0x00000016   Code   RO         4142    i.prvTaskExitError  port.o
    0x08005102   0x0000001a   Code   RO         3985    i.prvTimerTask      timers.o
    0x0800511c   0x0000007e   Code   RO         3509    i.prvUnlockQueue    queue.o
    0x0800519a   0x00000146   Code   RO         4619    i.put_fat           ff.o
    0x080052e0   0x000000b8   Code   RO         4104    i.pvPortMalloc      heap_2.o
    0x08005398   0x00000024   Code   RO         4143    i.pxPortInitialiseStack  port.o
    0x080053bc   0x00000068   Code   RO         4620    i.remove_chain      ff.o
    0x08005424   0x000000ca   Code   RO         4621    i.sync              ff.o
    0x080054ee   0x00000002   PAD
    0x080054f0   0x00000028   Code   RO         3146    i.test1Timer_HandleCallback  main.o
    0x08005518   0x00000028   Code   RO         3456    i.uxListRemove      list.o
    0x08005540   0x0000001a   Code   RO         3457    i.vListInitialise   list.o
    0x0800555a   0x00000006   Code   RO         3458    i.vListInitialiseItem  list.o
    0x08005560   0x00000034   Code   RO         3459    i.vListInsert       list.o
    0x08005594   0x00000018   Code   RO         3460    i.vListInsertEnd    list.o
    0x080055ac   0x00000024   Code   RO         4145    i.vPortEnterCritical  port.o
    0x080055d0   0x00000020   Code   RO         4146    i.vPortExitCritical  port.o
    0x080055f0   0x00000040   Code   RO         4105    i.vPortFree         heap_2.o
    0x08005630   0x00000018   Code   RO         4147    i.vPortSetupTimerInterrupt  port.o
    0x08005648   0x0000004a   Code   RO         3514    i.vQueueWaitForMessageRestricted  queue.o
    0x08005692   0x00000002   PAD
    0x08005694   0x00000034   Code   RO         3678    i.vTaskDelay        tasks.o
    0x080056c8   0x00000018   Code   RO         3682    i.vTaskInternalSetTimeOutState  tasks.o
    0x080056e0   0x0000000c   Code   RO         3683    i.vTaskMissedYield  tasks.o
    0x080056ec   0x00000020   Code   RO         3685    i.vTaskPlaceOnEventList  tasks.o
    0x0800570c   0x00000028   Code   RO         3686    i.vTaskPlaceOnEventListRestricted  tasks.o
    0x08005734   0x00000070   Code   RO         3692    i.vTaskStartScheduler  tasks.o
    0x080057a4   0x00000010   Code   RO         3694    i.vTaskSuspendAll   tasks.o
    0x080057b4   0x00000060   Code   RO         3695    i.vTaskSwitchContext  tasks.o
    0x08005814   0x0000002a   Code   RO         4622    i.validate          ff.o
    0x0800583e   0x00000002   PAD
    0x08005840   0x00000034   Code   RO         4148    i.xPortStartScheduler  port.o
    0x08005874   0x00000034   Code   RO         4149    i.xPortSysTickHandler  port.o
    0x080058a8   0x0000003a   Code   RO         3515    i.xQueueGenericCreate  queue.o
    0x080058e2   0x00000002   PAD
    0x080058e4   0x00000080   Code   RO         3516    i.xQueueGenericReset  queue.o
    0x08005964   0x00000118   Code   RO         3517    i.xQueueGenericSend  queue.o
    0x08005a7c   0x00000086   Code   RO         3518    i.xQueueGenericSendFromISR  queue.o
    0x08005b02   0x00000002   PAD
    0x08005b04   0x00000104   Code   RO         3524    i.xQueueReceive     queue.o
    0x08005c08   0x0000005c   Code   RO         3696    i.xTaskCheckForTimeOut  tasks.o
    0x08005c64   0x00000060   Code   RO         3697    i.xTaskCreate       tasks.o
    0x08005cc4   0x00000020   Code   RO         3701    i.xTaskGetSchedulerState  tasks.o
    0x08005ce4   0x0000000c   Code   RO         3702    i.xTaskGetTickCount  tasks.o
    0x08005cf0   0x0000011c   Code   RO         3704    i.xTaskIncrementTick  tasks.o
    0x08005e0c   0x00000080   Code   RO         3707    i.xTaskRemoveFromEventList  tasks.o
    0x08005e8c   0x000000e8   Code   RO         3708    i.xTaskResumeAll    tasks.o
    0x08005f74   0x00000036   Code   RO         3989    i.xTimerCreate      timers.o
    0x08005faa   0x00000002   PAD
    0x08005fac   0x0000003c   Code   RO         3990    i.xTimerCreateTimerTask  timers.o
    0x08005fe8   0x0000006c   Code   RO         3991    i.xTimerGenericCommand  timers.o
    0x08006054   0x00000055   Data   RO         3148    .constdata          main.o
    0x080060a9   0x00000003   PAD
    0x080060ac   0x00000020   Data   RO         5041    Region$$Table       anon$$obj.o


    Execution Region RW_IRAM1 (Base: 0x20000000, Size: 0x00005628, Max: 0x00020000, ABSOLUTE)

    Base Addr    Size         Type   Attr      Idx    E Section Name        Object

    0x20000000   0x00000014   Data   RW         1757    .data               stm32f10x_rcc.o
    0x20000014   0x00000031   Data   RW         3149    .data               main.o
    0x20000045   0x00000003   PAD
    0x20000048   0x00000008   Data   RW         3384    .data               retarget.o
    0x20000050   0x0000003c   Data   RW         3711    .data               tasks.o
    0x2000008c   0x00000014   Data   RW         3997    .data               timers.o
    0x200000a0   0x00000018   Data   RW         4109    .data               heap_2.o
    0x200000b8   0x00000004   Data   RW         4150    .data               port.o
    0x200000bc   0x00000028   Data   RW         4251    .data               stm32_eval_sdio_sd.o
    0x200000e4   0x00000006   Data   RW         4624    .data               ff.o
    0x200000ea   0x00000002   PAD
    0x200000ec   0x00000b38   Zero   RW         3147    .bss                main.o
    0x20000c24   0x000000c8   Zero   RW         3710    .bss                tasks.o
    0x20000cec   0x00000028   Zero   RW         3996    .bss                timers.o
    0x20000d14   0x00004400   Zero   RW         4108    .bss                heap_2.o
    0x20005114   0x000000b4   Zero   RW         4250    .bss                stm32_eval_sdio_sd.o
    0x200051c8   0x00000060   Zero   RW         4921    .bss                c_w.l(libspace.o)
    0x20005228   0x00000200   Zero   RW          131    HEAP                startup_stm32f10x_hd.o
    0x20005428   0x00000200   Zero   RW          130    STACK               startup_stm32f10x_hd.o


==============================================================================

Image component sizes


      Code (inc. data)   RO Data    RW Data    ZI Data      Debug   Object Name

         0          0          0          0          0       4572   core_cm3.o
       242         38          0          0          0      10696   diskio.o
      6154         44          0          6          0      27961   ff.o
       304         40          0         24      17408       3339   heap_2.o
       148          0          0          0          0       4274   list.o
      1932       1000         85         49       2872      26285   main.o
         0          0          0          0          0     203184   misc.o
       404         48          0          4          0       8672   port.o
      1302         14          0          0          0      20495   queue.o
        26          0          0          8          0       3019   retarget.o
        64         26        304          0       1024        864   startup_stm32f10x_hd.o
       320         46          0          0          0       3141   stm3210e_eval.o
      6958        334          0         40        180      28168   stm32_eval_sdio_sd.o
       156         18          0          0          0       3901   stm32f10x_dma.o
       278          0          0          0          0       1972   stm32f10x_gpio.o
        20          0          0          0          0       2309   stm32f10x_it.o
       276         32          0         20          0       4421   stm32f10x_rcc.o
       372         86          0          0          0       9623   stm32f10x_sdio.o
       348          6          0          0          0       4849   stm32f10x_usart.o
       328         28          0          0          0      44521   system_stm32f10x.o
      2030        332          0         60        200      24648   tasks.o
      1150        108          0         20         40      11826   timers.o

    ----------------------------------------------------------------------
     22840       2200        424        236      21724     452740   Object Totals
         0          0         32          0          0          0   (incl. Generated)
        28          0          3          5          0          0   (incl. Padding)

    ----------------------------------------------------------------------

      Code (inc. data)   RO Data    RW Data    ZI Data      Debug   Library Member Name

         8          0          0          0          0         68   __main.o
       184          0          0          0          0         84   __printf_ss.o
         0          0          0          0          0          0   __rtentry.o
        12          0          0          0          0          0   __rtentry2.o
         6          0          0          0          0          0   __rtentry4.o
        52          8          0          0          0          0   __scatter.o
        26          0          0          0          0          0   __scatter_copy.o
        28          0          0          0          0          0   __scatter_zi.o
        44          0          0          0          0        108   _printf_char.o
        48          6          0          0          0         96   _printf_char_common.o
        36          4          0          0          0         80   _printf_char_file.o
         6          0          0          0          0          0   _printf_d.o
       120         16          0          0          0         92   _printf_dec.o
       178          0          0          0          0         88   _printf_intcommon.o
         0          0          0          0          0          0   _printf_percent.o
         4          0          0          0          0          0   _printf_percent_end.o
         6          0          0          0          0          0   _printf_s.o
        82          0          0          0          0         80   _printf_str.o
        10          0          0          0          0         68   _sputc.o
        16          0          0          0          0         68   aeabi_memset.o
        18          0          0          0          0         80   exit.o
         6          0          0          0          0        152   heapauxi.o
         2          0          0          0          0          0   libinit.o
         2          0          0          0          0          0   libinit2.o
         2          0          0          0          0          0   libshutdown.o
         2          0          0          0          0          0   libshutdown2.o
         8          4          0          0         96         68   libspace.o
        24          4          0          0          0         84   noretval__2printf.o
        40          6          0          0          0         84   noretval__2sprintf.o
        68          0          0          0          0         68   rt_memclr.o
        78          0          0          0          0         80   rt_memclr_w.o
       138          0          0          0          0         68   rt_memcpy_v6.o
       100          0          0          0          0         80   rt_memcpy_w.o
         2          0          0          0          0          0   rtexit.o
        10          0          0          0          0          0   rtexit2.o
        62          0          0          0          0         76   strlen.o
        74          0          0          0          0         80   sys_stackheap_outer.o
         2          0          0          0          0         68   use_no_semi.o

    ----------------------------------------------------------------------
      1516         48          0          0         96       1820   Library Totals
        12          0          0          0          0          0   (incl. Padding)

    ----------------------------------------------------------------------

      Code (inc. data)   RO Data    RW Data    ZI Data      Debug   Library Name

      1504         48          0          0         96       1820   c_w.l

    ----------------------------------------------------------------------
      1516         48          0          0         96       1820   Library Totals

    ----------------------------------------------------------------------

==============================================================================


      Code (inc. data)   RO Data    RW Data    ZI Data      Debug   

     24356       2248        424        236      21820     444624   Grand Totals
     24356       2248        424        236      21820     444624   ELF Image Totals
     24356       2248        424        236          0          0   ROM Totals

==============================================================================

    Total RO  Size (Code + RO Data)                24780 (  24.20kB)
    Total RW  Size (RW Data + ZI Data)             22056 (  21.54kB)
    Total ROM Size (Code + RO Data + RW Data)      25016 (  24.43kB)

==============================================================================

